INVERSE_RUN baseline source=exact padding=2 grid=[128 128 80] dx=0.1
Exact detector N=512 dx=0.1 phi=0: 11 directions, 1.8s
Exact detector N=512 dx=0.1 phi=45: 10 directions, 3.6s
Exact detector N=512 dx=0.1 phi=90: 10 directions, 5.2s
Exact detector N=512 dx=0.1 phi=135: 10 directions, 6.9s
Exact detector N=512 dx=0.1 phi=180: 10 directions, 8.5s
Exact detector N=512 dx=0.1 phi=225: 10 directions, 10.2s
Exact detector N=512 dx=0.1 phi=270: 10 directions, 11.9s
Exact detector N=512 dx=0.1 phi=315: 10 directions, 13.9s
Known object vs physical Rytov Ewald data: 6.229133%
Data-derived alpha=4.17577664e-07; 2357505 Ewald samples.
direct COMPLETE RI=45.93923% field=5.67909% data=5.62567% converged=1
GP 1: data=0.10482 step=0.5139 projection=0.0001738 CG=50 time=4.2s
GP 10: data=0.063416 step=0.01281 projection=9.262e-05 CG=37 time=33.0s
GP 20: data=0.0567 step=0.005684 projection=9.71e-05 CG=35 time=65.2s
GP 30: data=0.054374 step=0.003596 projection=9.972e-05 CG=34 time=96.0s
GP 40: data=0.053831 step=0.002541 projection=9.199e-05 CG=35 time=124.4s
gp COMPLETE RI=51.97835% field=5.37948% data=5.38306% converged=0
TV outer 1 inner 100: data=0.029652 primal=0.0001354 dual=0.0004798 time=63.5s
TV outer 2 inner 100: data=0.027096 primal=7.497e-05 dual=0.0004208 time=115.4s
TV outer 3 inner 100: data=0.026917 primal=3.782e-05 dual=0.0003009 time=159.5s
TV outer 4 inner 100: data=0.02698 primal=1.919e-05 dual=0.0002029 time=202.1s
TV outer 5 inner 100: data=0.027026 primal=1.12e-05 dual=0.0001308 time=247.2s
tv COMPLETE RI=38.59491% field=2.72283% data=2.70262% converged=0
    relative_ri_error    object_error    background_error    mean_object_n    relative_index_bias    axial_span_um    true_axial_span_um    axial_span_error    intersection_over_union     method     source     ewald_residual    physical_ewald_residual    physical_scattered_field_error    converged    inner_converged    iterations    outer_iterations    stationarity    seconds
    _________________    ____________    ________________    _____________    ___________________    _____________    __________________    ________________    _______________________    ________    _______    ______________    _______________________    ______________________________    _________    _______________    __________    ________________    ____________    _______

         0.45939           0.26901            0.37239           1.3356             -0.25163                 8                5.9                 0.35593                0.77371            "direct"    "exact"       0.056257              0.056257                       0.056791                 true            true               0               0                      0     0.21506
         0.51978           0.51311           0.083019           1.3357              0.08372               4.7                5.9                -0.20339                0.81876            "gp"        "exact"       0.053831              0.053831                       0.053795                 false           false             40               1                      0      124.48
         0.38595           0.38285           0.048785           1.3357             0.050008               4.9                5.9                -0.16949                0.86287            "tv"        "exact"       0.027026              0.027026                       0.027228                 false           false            500               5             0.00013102      247.26

INVERSE_EXPERIMENT_PASS baseline
