INVERSE_RUN matched source=matched padding=2 grid=[128 128 80] dx=0.1
Exact detector N=512 dx=0.1 phi=0: 11 directions, 1.7s
Exact detector N=512 dx=0.1 phi=45: 10 directions, 3.2s
Exact detector N=512 dx=0.1 phi=90: 10 directions, 4.9s
Exact detector N=512 dx=0.1 phi=135: 10 directions, 6.5s
Exact detector N=512 dx=0.1 phi=180: 10 directions, 8.1s
Exact detector N=512 dx=0.1 phi=225: 10 directions, 9.7s
Exact detector N=512 dx=0.1 phi=270: 10 directions, 11.3s
Exact detector N=512 dx=0.1 phi=315: 10 directions, 12.9s
Known object vs physical Rytov Ewald data: 6.229133%
Data-derived alpha=4.14097774e-07; 2357505 Ewald samples.
direct COMPLETE RI=46.80678% field=9.62827% data=4.62336% converged=1
GP 1: data=0.046246 step=0.3685 projection=0.0001213 CG=50 time=4.1s
GP 10: data=0.0079299 step=0.004021 projection=9.791e-05 CG=11 time=20.2s
GP 20: data=0.0044032 step=0.001673 projection=8.496e-05 CG=10 time=30.1s
GP 30: data=0.0029539 step=0.0008361 projection=9.745e-05 CG=7 time=38.5s
GP 40: data=0.0023295 step=0.0005336 projection=9.727e-05 CG=6 time=50.2s
gp COMPLETE RI=25.75698% field=6.21565% data=0.23295% converged=0
TV outer 1 inner 100: data=0.010228 primal=0.0001243 dual=0.000388 time=132.5s
TV outer 2 inner 100: data=0.0023051 primal=7.866e-05 dual=0.0003673 time=260.5s
