
                            < M A T L A B (R) >
                  Copyright 1984-2024 The MathWorks, Inc.
              R2024a Update 9 (24.1.0.3303086) 64-bit (maca64)
                               June 22, 2026

Undefined function 'desktop' for input arguments of type 'char'.
[Warning: MATLAB did not appear to successfully set the search path. To recover
for this session of MATLAB, type "restoredefaultpath;matlabrc". To find out how
to avoid this warning the next time you start MATLAB, type "docsearch problem
path" after recovering for this session.] 
Reference L=18 M=12 mu=0 elapsed=0.5s
Reference L=18 M=12 mu=1 elapsed=0.7s
Reference L=18 M=12 mu=2 elapsed=0.8s
Reference L=18 M=12 mu=3 elapsed=1.0s
Reference L=18 M=12 mu=4 elapsed=1.2s
Reference L=18 M=12 mu=5 elapsed=1.3s
Reference L=18 M=12 mu=6 elapsed=1.4s
Reference L=18 M=12 mu=7 elapsed=1.5s
Reference L=18 M=12 mu=8 elapsed=1.6s
Reference L=18 M=12 mu=9 elapsed=1.7s
Reference L=18 M=12 mu=10 elapsed=1.8s
Reference L=18 M=12 mu=11 elapsed=1.9s
Reference L=18 M=12 mu=12 elapsed=2.0s
BATCH_BOUNDARY_PASS vector=3.58e-08 scalar=7.6e-16 time=2.0s
OBLATE_IMPLEMENTATION_CHECKS_PASS public_far_gap=1.24e-10
CASE_COMPLETE project=size case=1 factor=1
CASE_COMPLETE project=size case=2 factor=0.1
Reference L=40 M=14 mu=0 elapsed=0.5s
Reference L=40 M=14 mu=1 elapsed=1.0s
Reference L=40 M=14 mu=2 elapsed=1.5s
Reference L=40 M=14 mu=3 elapsed=1.8s
Reference L=40 M=14 mu=4 elapsed=2.1s
Reference L=40 M=14 mu=5 elapsed=2.3s
Reference L=40 M=14 mu=6 elapsed=2.6s
Reference L=40 M=14 mu=7 elapsed=2.8s
Reference L=40 M=14 mu=8 elapsed=3.1s
Reference L=40 M=14 mu=9 elapsed=3.3s
Reference L=40 M=14 mu=10 elapsed=3.6s
Reference L=40 M=14 mu=11 elapsed=3.8s
Reference L=40 M=14 mu=12 elapsed=4.1s
Reference L=40 M=14 mu=13 elapsed=4.3s
Reference L=40 M=14 mu=14 elapsed=4.5s
BATCH_BOUNDARY_PASS vector=2.85e-10 scalar=1.18e-15 time=4.6s
Reference L=35 M=10 mu=0 elapsed=0.1s
Reference L=35 M=10 mu=1 elapsed=0.4s
Reference L=35 M=10 mu=2 elapsed=0.7s
Reference L=35 M=10 mu=3 elapsed=0.9s
Reference L=35 M=10 mu=4 elapsed=1.1s
Reference L=35 M=10 mu=5 elapsed=1.3s
Reference L=35 M=10 mu=6 elapsed=1.5s
Reference L=35 M=10 mu=7 elapsed=1.8s
Reference L=35 M=10 mu=8 elapsed=1.9s
Reference L=35 M=10 mu=9 elapsed=2.2s
Reference L=35 M=10 mu=10 elapsed=2.3s
BATCH_BOUNDARY_PASS vector=5.84e-09 scalar=9.43e-16 time=2.3s
DETECTOR case=3 N=512 dx=0.1 NAi=0.00 phi=0 scalar B/R=0.72353/0.72339% co=25.94823/25.94829%
DETECTOR case=3 N=512 dx=0.1 NAi=0.05 phi=0 scalar B/R=0.72355/0.72345% co=26.12431/26.12431%
DETECTOR case=3 N=512 dx=0.1 NAi=0.10 phi=0 scalar B/R=0.72360/0.72354% co=26.64734/26.64731%
DETECTOR case=3 N=512 dx=0.1 NAi=0.15 phi=0 scalar B/R=0.72369/0.72366% co=27.50284/27.50280%
DETECTOR case=3 N=512 dx=0.1 NAi=0.20 phi=0 scalar B/R=0.72381/0.72379% co=28.66972/28.66971%
DETECTOR case=3 N=512 dx=0.1 NAi=0.25 phi=0 scalar B/R=0.72398/0.72396% co=30.12387/30.12386%
DETECTOR case=3 N=512 dx=0.1 NAi=0.30 phi=0 scalar B/R=0.72417/0.72412% co=31.84144/31.84143%
DETECTOR case=3 N=512 dx=0.1 NAi=0.35 phi=0 scalar B/R=0.72441/0.72438% co=33.80135/33.80133%
DETECTOR case=3 N=512 dx=0.1 NAi=0.40 phi=0 scalar B/R=0.72469/0.72464% co=35.98701/35.98702%
DETECTOR case=3 N=512 dx=0.1 NAi=0.45 phi=0 scalar B/R=0.72500/0.72498% co=38.38723/38.38723%
DETECTOR case=3 N=512 dx=0.1 NAi=0.50 phi=0 scalar B/R=0.72536/0.72534% co=40.99674/40.99673%
DETECTOR case=3 N=512 dx=0.1 NAi=0.05 phi=45 scalar B/R=0.72355/0.72346% co=26.03640/26.03641%
DETECTOR case=3 N=512 dx=0.1 NAi=0.10 phi=45 scalar B/R=0.72360/0.72357% co=26.29961/26.29958%
DETECTOR case=3 N=512 dx=0.1 NAi=0.15 phi=45 scalar B/R=0.72369/0.72367% co=26.73412/26.73410%
DETECTOR case=3 N=512 dx=0.1 NAi=0.20 phi=45 scalar B/R=0.72381/0.72377% co=27.33416/27.33417%
DETECTOR case=3 N=512 dx=0.1 NAi=0.25 phi=45 scalar B/R=0.72398/0.72392% co=28.09244/28.09243%
DETECTOR case=3 N=512 dx=0.1 NAi=0.30 phi=45 scalar B/R=0.72417/0.72412% co=29.00082/29.00081%
DETECTOR case=3 N=512 dx=0.1 NAi=0.35 phi=45 scalar B/R=0.72441/0.72436% co=30.05094/30.05092%
DETECTOR case=3 N=512 dx=0.1 NAi=0.40 phi=45 scalar B/R=0.72469/0.72465% co=31.23476/31.23475%
DETECTOR case=3 N=512 dx=0.1 NAi=0.45 phi=45 scalar B/R=0.72500/0.72498% co=32.54501/32.54500%
DETECTOR case=3 N=512 dx=0.1 NAi=0.50 phi=45 scalar B/R=0.72536/0.72533% co=33.97556/33.97555%
DETECTOR case=3 N=512 dx=0.1 NAi=0.05 phi=90 scalar B/R=0.72355/0.72345% co=25.94826/25.94831%
DETECTOR case=3 N=512 dx=0.1 NAi=0.10 phi=90 scalar B/R=0.72360/0.72354% co=25.94835/25.94837%
DETECTOR case=3 N=512 dx=0.1 NAi=0.15 phi=90 scalar B/R=0.72369/0.72366% co=25.94851/25.94849%
DETECTOR case=3 N=512 dx=0.1 NAi=0.20 phi=90 scalar B/R=0.72381/0.72379% co=25.94872/25.94870%
DETECTOR case=3 N=512 dx=0.1 NAi=0.25 phi=90 scalar B/R=0.72398/0.72396% co=25.94900/25.94898%
DETECTOR case=3 N=512 dx=0.1 NAi=0.30 phi=90 scalar B/R=0.72417/0.72412% co=25.94935/25.94934%
DETECTOR case=3 N=512 dx=0.1 NAi=0.35 phi=90 scalar B/R=0.72441/0.72438% co=25.94977/25.94974%
DETECTOR case=3 N=512 dx=0.1 NAi=0.40 phi=90 scalar B/R=0.72469/0.72464% co=25.95028/25.95027%
DETECTOR case=3 N=512 dx=0.1 NAi=0.45 phi=90 scalar B/R=0.72500/0.72498% co=25.95086/25.95084%
DETECTOR case=3 N=512 dx=0.1 NAi=0.50 phi=90 scalar B/R=0.72536/0.72534% co=25.95155/25.95153%
DETECTOR case=3 N=512 dx=0.1 NAi=0.05 phi=135 scalar B/R=0.72355/0.72346% co=26.03640/26.03641%
DETECTOR case=3 N=512 dx=0.1 NAi=0.10 phi=135 scalar B/R=0.72360/0.72357% co=26.29961/26.29958%
DETECTOR case=3 N=512 dx=0.1 NAi=0.15 phi=135 scalar B/R=0.72369/0.72367% co=26.73412/26.73410%
DETECTOR case=3 N=512 dx=0.1 NAi=0.20 phi=135 scalar B/R=0.72381/0.72377% co=27.33416/27.33417%
DETECTOR case=3 N=512 dx=0.1 NAi=0.25 phi=135 scalar B/R=0.72398/0.72392% co=28.09244/28.09243%
DETECTOR case=3 N=512 dx=0.1 NAi=0.30 phi=135 scalar B/R=0.72417/0.72412% co=29.00082/29.00081%
DETECTOR case=3 N=512 dx=0.1 NAi=0.35 phi=135 scalar B/R=0.72441/0.72436% co=30.05094/30.05092%
DETECTOR case=3 N=512 dx=0.1 NAi=0.40 phi=135 scalar B/R=0.72469/0.72465% co=31.23476/31.23475%
DETECTOR case=3 N=512 dx=0.1 NAi=0.45 phi=135 scalar B/R=0.72500/0.72498% co=32.54501/32.54500%
DETECTOR case=3 N=512 dx=0.1 NAi=0.50 phi=135 scalar B/R=0.72536/0.72533% co=33.97556/33.97555%
DETECTOR case=3 N=512 dx=0.1 NAi=0.05 phi=180 scalar B/R=0.72355/0.72345% co=26.12431/26.12431%
DETECTOR case=3 N=512 dx=0.1 NAi=0.10 phi=180 scalar B/R=0.72360/0.72354% co=26.64734/26.64731%
DETECTOR case=3 N=512 dx=0.1 NAi=0.15 phi=180 scalar B/R=0.72369/0.72366% co=27.50284/27.50280%
DETECTOR case=3 N=512 dx=0.1 NAi=0.20 phi=180 scalar B/R=0.72381/0.72379% co=28.66972/28.66971%
DETECTOR case=3 N=512 dx=0.1 NAi=0.25 phi=180 scalar B/R=0.72398/0.72396% co=30.12387/30.12386%
DETECTOR case=3 N=512 dx=0.1 NAi=0.30 phi=180 scalar B/R=0.72417/0.72412% co=31.84144/31.84143%
DETECTOR case=3 N=512 dx=0.1 NAi=0.35 phi=180 scalar B/R=0.72441/0.72438% co=33.80135/33.80133%
DETECTOR case=3 N=512 dx=0.1 NAi=0.40 phi=180 scalar B/R=0.72469/0.72464% co=35.98701/35.98702%
DETECTOR case=3 N=512 dx=0.1 NAi=0.45 phi=180 scalar B/R=0.72500/0.72498% co=38.38723/38.38723%
DETECTOR case=3 N=512 dx=0.1 NAi=0.50 phi=180 scalar B/R=0.72536/0.72534% co=40.99674/40.99673%
DETECTOR case=3 N=512 dx=0.1 NAi=0.05 phi=225 scalar B/R=0.72355/0.72346% co=26.03640/26.03641%
DETECTOR case=3 N=512 dx=0.1 NAi=0.10 phi=225 scalar B/R=0.72360/0.72357% co=26.29961/26.29958%
DETECTOR case=3 N=512 dx=0.1 NAi=0.15 phi=225 scalar B/R=0.72369/0.72367% co=26.73412/26.73410%
DETECTOR case=3 N=512 dx=0.1 NAi=0.20 phi=225 scalar B/R=0.72381/0.72377% co=27.33416/27.33417%
DETECTOR case=3 N=512 dx=0.1 NAi=0.25 phi=225 scalar B/R=0.72398/0.72392% co=28.09244/28.09243%
DETECTOR case=3 N=512 dx=0.1 NAi=0.30 phi=225 scalar B/R=0.72417/0.72412% co=29.00082/29.00081%
DETECTOR case=3 N=512 dx=0.1 NAi=0.35 phi=225 scalar B/R=0.72441/0.72436% co=30.05094/30.05092%
DETECTOR case=3 N=512 dx=0.1 NAi=0.40 phi=225 scalar B/R=0.72469/0.72465% co=31.23476/31.23475%
DETECTOR case=3 N=512 dx=0.1 NAi=0.45 phi=225 scalar B/R=0.72500/0.72498% co=32.54501/32.54500%
DETECTOR case=3 N=512 dx=0.1 NAi=0.50 phi=225 scalar B/R=0.72536/0.72533% co=33.97556/33.97555%
DETECTOR case=3 N=512 dx=0.1 NAi=0.05 phi=270 scalar B/R=0.72355/0.72345% co=25.94826/25.94831%
DETECTOR case=3 N=512 dx=0.1 NAi=0.10 phi=270 scalar B/R=0.72360/0.72354% co=25.94835/25.94837%
DETECTOR case=3 N=512 dx=0.1 NAi=0.15 phi=270 scalar B/R=0.72369/0.72366% co=25.94851/25.94849%
DETECTOR case=3 N=512 dx=0.1 NAi=0.20 phi=270 scalar B/R=0.72381/0.72379% co=25.94872/25.94870%
DETECTOR case=3 N=512 dx=0.1 NAi=0.25 phi=270 scalar B/R=0.72398/0.72396% co=25.94900/25.94898%
DETECTOR case=3 N=512 dx=0.1 NAi=0.30 phi=270 scalar B/R=0.72417/0.72412% co=25.94935/25.94934%
DETECTOR case=3 N=512 dx=0.1 NAi=0.35 phi=270 scalar B/R=0.72441/0.72438% co=25.94977/25.94974%
DETECTOR case=3 N=512 dx=0.1 NAi=0.40 phi=270 scalar B/R=0.72469/0.72464% co=25.95028/25.95027%
DETECTOR case=3 N=512 dx=0.1 NAi=0.45 phi=270 scalar B/R=0.72500/0.72498% co=25.95086/25.95084%
DETECTOR case=3 N=512 dx=0.1 NAi=0.50 phi=270 scalar B/R=0.72536/0.72534% co=25.95155/25.95153%
DETECTOR case=3 N=512 dx=0.1 NAi=0.05 phi=315 scalar B/R=0.72355/0.72346% co=26.03640/26.03641%
DETECTOR case=3 N=512 dx=0.1 NAi=0.10 phi=315 scalar B/R=0.72360/0.72357% co=26.29961/26.29958%
DETECTOR case=3 N=512 dx=0.1 NAi=0.15 phi=315 scalar B/R=0.72369/0.72367% co=26.73412/26.73410%
DETECTOR case=3 N=512 dx=0.1 NAi=0.20 phi=315 scalar B/R=0.72381/0.72377% co=27.33416/27.33417%
DETECTOR case=3 N=512 dx=0.1 NAi=0.25 phi=315 scalar B/R=0.72398/0.72392% co=28.09244/28.09243%
DETECTOR case=3 N=512 dx=0.1 NAi=0.30 phi=315 scalar B/R=0.72417/0.72412% co=29.00082/29.00081%
DETECTOR case=3 N=512 dx=0.1 NAi=0.35 phi=315 scalar B/R=0.72441/0.72436% co=30.05094/30.05092%
DETECTOR case=3 N=512 dx=0.1 NAi=0.40 phi=315 scalar B/R=0.72469/0.72465% co=31.23476/31.23475%
DETECTOR case=3 N=512 dx=0.1 NAi=0.45 phi=315 scalar B/R=0.72500/0.72498% co=32.54501/32.54500%
DETECTOR case=3 N=512 dx=0.1 NAi=0.50 phi=315 scalar B/R=0.72536/0.72533% co=33.97556/33.97555%
DETECTOR case=3 N=512 dx=0.1 NAi=0.00 phi=0 scalar B/R=0.72353/0.72339% co=25.94823/25.94829%
DETECTOR case=3 N=512 dx=0.1 NAi=0.25 phi=0 scalar B/R=0.72398/0.72396% co=30.12387/30.12386%
DETECTOR case=3 N=512 dx=0.1 NAi=0.50 phi=0 scalar B/R=0.72536/0.72534% co=40.99674/40.99673%
DETECTOR case=3 N=512 dx=0.1 NAi=0.25 phi=45 scalar B/R=0.72398/0.72392% co=28.09244/28.09243%
DETECTOR case=3 N=512 dx=0.1 NAi=0.50 phi=45 scalar B/R=0.72536/0.72533% co=33.97556/33.97555%
DETECTOR case=3 N=512 dx=0.1 NAi=0.25 phi=90 scalar B/R=0.72398/0.72396% co=25.94900/25.94898%
DETECTOR case=3 N=512 dx=0.1 NAi=0.50 phi=90 scalar B/R=0.72536/0.72534% co=25.95155/25.95153%
DETECTOR case=3 N=1024 dx=0.05 NAi=0.00 phi=0 scalar B/R=0.72353/0.72339% co=25.94823/25.94829%
DETECTOR case=3 N=1024 dx=0.05 NAi=0.25 phi=0 scalar B/R=0.72398/0.72396% co=30.12387/30.12386%
DETECTOR case=3 N=1024 dx=0.05 NAi=0.50 phi=0 scalar B/R=0.72536/0.72534% co=40.99674/40.99673%
DETECTOR case=3 N=1024 dx=0.05 NAi=0.25 phi=45 scalar B/R=0.72398/0.72392% co=28.09244/28.09243%
DETECTOR case=3 N=1024 dx=0.05 NAi=0.50 phi=45 scalar B/R=0.72536/0.72533% co=33.97556/33.97555%
DETECTOR case=3 N=1024 dx=0.05 NAi=0.25 phi=90 scalar B/R=0.72398/0.72396% co=25.94900/25.94898%
DETECTOR case=3 N=1024 dx=0.05 NAi=0.50 phi=90 scalar B/R=0.72536/0.72534% co=25.95155/25.95153%
DETECTOR case=3 N=1024 dx=0.1 NAi=0.00 phi=0 scalar B/R=0.72353/0.72342% co=25.94144/25.94148%
DETECTOR case=3 N=1024 dx=0.1 NAi=0.25 phi=0 scalar B/R=0.72397/0.72393% co=30.11845/30.11846%
DETECTOR case=3 N=1024 dx=0.1 NAi=0.50 phi=0 scalar B/R=0.72536/0.72533% co=40.99368/40.99366%
DETECTOR case=3 N=1024 dx=0.1 NAi=0.25 phi=45 scalar B/R=0.72397/0.72393% co=28.08640/28.08639%
DETECTOR case=3 N=1024 dx=0.1 NAi=0.50 phi=45 scalar B/R=0.72536/0.72533% co=33.97119/33.97117%
DETECTOR case=3 N=1024 dx=0.1 NAi=0.25 phi=90 scalar B/R=0.72397/0.72393% co=25.94221/25.94220%
DETECTOR case=3 N=1024 dx=0.1 NAi=0.50 phi=90 scalar B/R=0.72536/0.72533% co=25.94477/25.94476%
CASE_COMPLETE project=size case=3 factor=0.01
    case_id          metric          mean_error    pooled_L2     minimum      maximum     worst_NA    worst_phi    fraction_below_1pct    fraction_below_5pct    radial_coarsening_gap    azimuth_coarsening_gap
    _______    __________________    __________    _________    _________    _________    ________    _________    ___________________    ___________________    _____________________    ______________________

       1       "born_scalar"           0.91281        0.9133      0.89047      0.93611       0.5         270                0                      0                  0.00037985                4.5504e-09      
       1       "rytov_scalar"          0.10525       0.10544     0.098902      0.11199       0.5           0                0                      0                  0.00010891                6.0536e-07      
       1       "born_co"               0.91319       0.91368      0.89084      0.93648       0.5         270                0                      0                  0.00037921                3.8705e-10      
       1       "rytov_co"              0.10509       0.10528     0.098689      0.11192       0.5           0                0                      0                  0.00010991                4.7609e-07      
       1       "vector_born_full"      0.91274       0.91322       0.8904      0.93603       0.5         270                0                      0                  0.00037902                5.2259e-09      
       2       "born_scalar"          0.094253      0.094302     0.091838     0.096033       0.5         270                0                      0                  1.7168e-05                7.1033e-07      
       2       "rytov_scalar"         0.088985      0.089049      0.08623     0.091132       0.5           0                0                      0                  1.2608e-05                1.1123e-06      
       2       "born_co"               0.11913       0.11913      0.11794      0.12025      0.45           0                0                      0                  1.1757e-05                 7.551e-07      
       2       "rytov_co"              0.11397       0.11397      0.11302      0.11532      0.45           0                0                      0                  2.2441e-05                1.3901e-07      
       2       "vector_born_full"     0.092151      0.092199     0.089778     0.093993       0.5          90                0                      0                  1.2289e-05                6.5529e-07      
       3       "born_scalar"         0.0072444     0.0072444    0.0072353    0.0072536       0.5         315                1                      1                  1.4425e-07                3.1372e-14      
       3       "rytov_scalar"         0.007244      0.007244    0.0072339    0.0072534       0.5         270                1                      1                  1.0654e-07                2.4493e-08      
       3       "born_co"               0.29991       0.30129      0.25948      0.40997       0.5         180                0                      0                  0.00051804                 0.0010226      
       3       "rytov_co"              0.29991       0.30129      0.25948      0.40997       0.5         180                0                      0                  0.00051809                 0.0010226      
       3       "vector_born_full"    0.0078147     0.0078127    0.0075826    0.0085041       0.5           0                1                      1                   3.558e-06                9.5426e-07      

PARAMETER_EXPERIMENT_PASS project=size angles=243
