
                            < M A T L A B (R) >
                  Copyright 1984-2024 The MathWorks, Inc.
              R2024a Update 9 (24.1.0.3303086) 64-bit (maca64)
                               June 22, 2026

Undefined function 'desktop' for input arguments of type 'char'.
[Warning: MATLAB did not appear to successfully set the search path. To recover
for this session of MATLAB, type "restoredefaultpath;matlabrc". To find out how
to avoid this warning the next time you start MATLAB, type "docsearch problem
path" after recovering for this session.] 
Voxel baseline N=256 Nz=80 dx=0.1 padding=2 angles=81
baseline NAi=0.00 phi=  0 continuous B/R co=89.084/9.864% voxel=88.843/9.957%
baseline NAi=0.05 phi=  0 continuous B/R co=89.123/9.884% voxel=88.563/9.434%
baseline NAi=0.10 phi=  0 continuous B/R co=89.252/9.921% voxel=88.368/9.212%
baseline NAi=0.15 phi=  0 continuous B/R co=89.464/9.982% voxel=88.377/9.259%
baseline NAi=0.20 phi=  0 continuous B/R co=89.766/10.067% voxel=88.559/9.499%
baseline NAi=0.25 phi=  0 continuous B/R co=90.159/10.177% voxel=89.038/10.061%
baseline NAi=0.30 phi=  0 continuous B/R co=90.646/10.312% voxel=89.230/9.930%
baseline NAi=0.35 phi=  0 continuous B/R co=91.232/10.482% voxel=89.557/9.832%
baseline NAi=0.40 phi=  0 continuous B/R co=91.922/10.685% voxel=90.079/9.893%
baseline NAi=0.45 phi=  0 continuous B/R co=92.725/10.921% voxel=90.782/10.145%
baseline NAi=0.50 phi=  0 continuous B/R co=93.648/11.194% voxel=91.926/10.739%
baseline NAi=0.05 phi= 45 continuous B/R co=89.123/9.884% voxel=88.095/8.500%
baseline NAi=0.10 phi= 45 continuous B/R co=89.252/9.921% voxel=88.258/8.983%
baseline NAi=0.15 phi= 45 continuous B/R co=89.464/9.982% voxel=88.262/9.040%
baseline NAi=0.20 phi= 45 continuous B/R co=89.766/10.066% voxel=88.163/8.775%
baseline NAi=0.25 phi= 45 continuous B/R co=90.159/10.174% voxel=89.063/10.132%
baseline NAi=0.30 phi= 45 continuous B/R co=90.646/10.311% voxel=88.715/9.031%
baseline NAi=0.35 phi= 45 continuous B/R co=91.232/10.481% voxel=89.441/9.633%
baseline NAi=0.40 phi= 45 continuous B/R co=91.923/10.681% voxel=89.957/9.690%
baseline NAi=0.45 phi= 45 continuous B/R co=92.725/10.918% voxel=90.441/9.560%
baseline NAi=0.50 phi= 45 continuous B/R co=93.648/11.188% voxel=91.968/10.844%
baseline NAi=0.05 phi= 90 continuous B/R co=89.122/9.884% voxel=88.563/9.435%
baseline NAi=0.10 phi= 90 continuous B/R co=89.252/9.921% voxel=88.370/9.218%
baseline NAi=0.15 phi= 90 continuous B/R co=89.464/9.981% voxel=88.378/9.267%
baseline NAi=0.20 phi= 90 continuous B/R co=89.766/10.065% voxel=88.560/9.504%
baseline NAi=0.25 phi= 90 continuous B/R co=90.159/10.174% voxel=89.040/10.064%
baseline NAi=0.30 phi= 90 continuous B/R co=90.646/10.309% voxel=89.231/9.935%
baseline NAi=0.35 phi= 90 continuous B/R co=91.232/10.478% voxel=89.558/9.840%
baseline NAi=0.40 phi= 90 continuous B/R co=91.923/10.680% voxel=90.081/9.900%
baseline NAi=0.45 phi= 90 continuous B/R co=92.725/10.915% voxel=90.784/10.148%
baseline NAi=0.50 phi= 90 continuous B/R co=93.648/11.185% voxel=91.928/10.737%
baseline NAi=0.05 phi=135 continuous B/R co=89.123/9.884% voxel=88.095/8.500%
baseline NAi=0.10 phi=135 continuous B/R co=89.252/9.921% voxel=88.258/8.983%
baseline NAi=0.15 phi=135 continuous B/R co=89.464/9.982% voxel=88.262/9.040%
baseline NAi=0.20 phi=135 continuous B/R co=89.766/10.066% voxel=88.163/8.775%
baseline NAi=0.25 phi=135 continuous B/R co=90.159/10.174% voxel=89.063/10.132%
baseline NAi=0.30 phi=135 continuous B/R co=90.646/10.311% voxel=88.715/9.031%
baseline NAi=0.35 phi=135 continuous B/R co=91.232/10.481% voxel=89.441/9.633%
baseline NAi=0.40 phi=135 continuous B/R co=91.923/10.681% voxel=89.957/9.690%
baseline NAi=0.45 phi=135 continuous B/R co=92.725/10.918% voxel=90.441/9.560%
baseline NAi=0.50 phi=135 continuous B/R co=93.648/11.188% voxel=91.968/10.844%
baseline NAi=0.05 phi=180 continuous B/R co=89.123/9.884% voxel=88.563/9.434%
baseline NAi=0.10 phi=180 continuous B/R co=89.252/9.921% voxel=88.368/9.212%
baseline NAi=0.15 phi=180 continuous B/R co=89.464/9.982% voxel=88.377/9.259%
baseline NAi=0.20 phi=180 continuous B/R co=89.766/10.067% voxel=88.559/9.499%
baseline NAi=0.25 phi=180 continuous B/R co=90.159/10.177% voxel=89.038/10.061%
baseline NAi=0.30 phi=180 continuous B/R co=90.646/10.312% voxel=89.230/9.930%
baseline NAi=0.35 phi=180 continuous B/R co=91.232/10.482% voxel=89.557/9.832%
baseline NAi=0.40 phi=180 continuous B/R co=91.922/10.685% voxel=90.079/9.893%
baseline NAi=0.45 phi=180 continuous B/R co=92.725/10.921% voxel=90.782/10.145%
baseline NAi=0.50 phi=180 continuous B/R co=93.648/11.194% voxel=91.926/10.739%
baseline NAi=0.05 phi=225 continuous B/R co=89.123/9.884% voxel=88.095/8.500%
baseline NAi=0.10 phi=225 continuous B/R co=89.252/9.921% voxel=88.258/8.983%
baseline NAi=0.15 phi=225 continuous B/R co=89.464/9.982% voxel=88.262/9.040%
baseline NAi=0.20 phi=225 continuous B/R co=89.766/10.066% voxel=88.163/8.775%
baseline NAi=0.25 phi=225 continuous B/R co=90.159/10.174% voxel=89.063/10.132%
baseline NAi=0.30 phi=225 continuous B/R co=90.646/10.311% voxel=88.715/9.031%
baseline NAi=0.35 phi=225 continuous B/R co=91.232/10.481% voxel=89.441/9.633%
baseline NAi=0.40 phi=225 continuous B/R co=91.923/10.681% voxel=89.957/9.690%
baseline NAi=0.45 phi=225 continuous B/R co=92.725/10.918% voxel=90.441/9.560%
baseline NAi=0.50 phi=225 continuous B/R co=93.648/11.188% voxel=91.968/10.844%
baseline NAi=0.05 phi=270 continuous B/R co=89.122/9.884% voxel=88.563/9.435%
baseline NAi=0.10 phi=270 continuous B/R co=89.252/9.921% voxel=88.370/9.218%
baseline NAi=0.15 phi=270 continuous B/R co=89.464/9.981% voxel=88.378/9.267%
baseline NAi=0.20 phi=270 continuous B/R co=89.766/10.065% voxel=88.560/9.504%
baseline NAi=0.25 phi=270 continuous B/R co=90.159/10.174% voxel=89.040/10.064%
baseline NAi=0.30 phi=270 continuous B/R co=90.646/10.309% voxel=89.231/9.935%
baseline NAi=0.35 phi=270 continuous B/R co=91.232/10.478% voxel=89.558/9.840%
baseline NAi=0.40 phi=270 continuous B/R co=91.923/10.680% voxel=90.081/9.900%
baseline NAi=0.45 phi=270 continuous B/R co=92.725/10.915% voxel=90.784/10.148%
baseline NAi=0.50 phi=270 continuous B/R co=93.648/11.185% voxel=91.928/10.737%
baseline NAi=0.05 phi=315 continuous B/R co=89.123/9.884% voxel=88.095/8.500%
baseline NAi=0.10 phi=315 continuous B/R co=89.252/9.921% voxel=88.258/8.983%
baseline NAi=0.15 phi=315 continuous B/R co=89.464/9.982% voxel=88.262/9.040%
baseline NAi=0.20 phi=315 continuous B/R co=89.766/10.066% voxel=88.163/8.775%
baseline NAi=0.25 phi=315 continuous B/R co=90.159/10.174% voxel=89.063/10.132%
baseline NAi=0.30 phi=315 continuous B/R co=90.646/10.311% voxel=88.715/9.031%
baseline NAi=0.35 phi=315 continuous B/R co=91.232/10.481% voxel=89.441/9.633%
baseline NAi=0.40 phi=315 continuous B/R co=91.923/10.681% voxel=89.957/9.690%
baseline NAi=0.45 phi=315 continuous B/R co=92.725/10.918% voxel=90.441/9.560%
baseline NAi=0.50 phi=315 continuous B/R co=93.648/11.188% voxel=91.968/10.844%
GRID_FINISHED baseline rows=81 elapsed=12.6s
window_51 NAi=0.00 phi=  0 continuous B/R co=89.084/9.869% voxel=NaN/NaN%
window_51 NAi=0.05 phi=  0 continuous B/R co=89.123/9.883% voxel=NaN/NaN%
window_51 NAi=0.10 phi=  0 continuous B/R co=89.252/9.921% voxel=NaN/NaN%
window_51 NAi=0.15 phi=  0 continuous B/R co=89.464/9.981% voxel=NaN/NaN%
window_51 NAi=0.20 phi=  0 continuous B/R co=89.766/10.066% voxel=NaN/NaN%
window_51 NAi=0.25 phi=  0 continuous B/R co=90.159/10.175% voxel=NaN/NaN%
window_51 NAi=0.30 phi=  0 continuous B/R co=90.646/10.311% voxel=NaN/NaN%
window_51 NAi=0.35 phi=  0 continuous B/R co=91.232/10.481% voxel=NaN/NaN%
window_51 NAi=0.40 phi=  0 continuous B/R co=91.922/10.683% voxel=NaN/NaN%
window_51 NAi=0.45 phi=  0 continuous B/R co=92.725/10.920% voxel=NaN/NaN%
window_51 NAi=0.50 phi=  0 continuous B/R co=93.648/11.192% voxel=NaN/NaN%
window_51 NAi=0.05 phi= 45 continuous B/R co=89.123/9.883% voxel=NaN/NaN%
window_51 NAi=0.10 phi= 45 continuous B/R co=89.252/9.920% voxel=NaN/NaN%
window_51 NAi=0.15 phi= 45 continuous B/R co=89.464/9.981% voxel=NaN/NaN%
window_51 NAi=0.20 phi= 45 continuous B/R co=89.766/10.065% voxel=NaN/NaN%
window_51 NAi=0.25 phi= 45 continuous B/R co=90.159/10.173% voxel=NaN/NaN%
window_51 NAi=0.30 phi= 45 continuous B/R co=90.646/10.310% voxel=NaN/NaN%
window_51 NAi=0.35 phi= 45 continuous B/R co=91.232/10.479% voxel=NaN/NaN%
window_51 NAi=0.40 phi= 45 continuous B/R co=91.923/10.680% voxel=NaN/NaN%
window_51 NAi=0.45 phi= 45 continuous B/R co=92.725/10.916% voxel=NaN/NaN%
window_51 NAi=0.50 phi= 45 continuous B/R co=93.648/11.187% voxel=NaN/NaN%
window_51 NAi=0.05 phi= 90 continuous B/R co=89.122/9.884% voxel=NaN/NaN%
window_51 NAi=0.10 phi= 90 continuous B/R co=89.252/9.920% voxel=NaN/NaN%
window_51 NAi=0.15 phi= 90 continuous B/R co=89.464/9.980% voxel=NaN/NaN%
window_51 NAi=0.20 phi= 90 continuous B/R co=89.766/10.064% voxel=NaN/NaN%
window_51 NAi=0.25 phi= 90 continuous B/R co=90.159/10.172% voxel=NaN/NaN%
window_51 NAi=0.30 phi= 90 continuous B/R co=90.646/10.308% voxel=NaN/NaN%
window_51 NAi=0.35 phi= 90 continuous B/R co=91.232/10.477% voxel=NaN/NaN%
window_51 NAi=0.40 phi= 90 continuous B/R co=91.923/10.678% voxel=NaN/NaN%
window_51 NAi=0.45 phi= 90 continuous B/R co=92.726/10.913% voxel=NaN/NaN%
window_51 NAi=0.50 phi= 90 continuous B/R co=93.648/11.183% voxel=NaN/NaN%
window_51 NAi=0.05 phi=135 continuous B/R co=89.123/9.883% voxel=NaN/NaN%
window_51 NAi=0.10 phi=135 continuous B/R co=89.252/9.920% voxel=NaN/NaN%
window_51 NAi=0.15 phi=135 continuous B/R co=89.464/9.981% voxel=NaN/NaN%
window_51 NAi=0.20 phi=135 continuous B/R co=89.766/10.065% voxel=NaN/NaN%
window_51 NAi=0.25 phi=135 continuous B/R co=90.159/10.173% voxel=NaN/NaN%
window_51 NAi=0.30 phi=135 continuous B/R co=90.646/10.310% voxel=NaN/NaN%
window_51 NAi=0.35 phi=135 continuous B/R co=91.232/10.479% voxel=NaN/NaN%
window_51 NAi=0.40 phi=135 continuous B/R co=91.923/10.680% voxel=NaN/NaN%
window_51 NAi=0.45 phi=135 continuous B/R co=92.725/10.916% voxel=NaN/NaN%
window_51 NAi=0.50 phi=135 continuous B/R co=93.648/11.187% voxel=NaN/NaN%
window_51 NAi=0.05 phi=180 continuous B/R co=89.123/9.883% voxel=NaN/NaN%
window_51 NAi=0.10 phi=180 continuous B/R co=89.252/9.921% voxel=NaN/NaN%
window_51 NAi=0.15 phi=180 continuous B/R co=89.464/9.981% voxel=NaN/NaN%
window_51 NAi=0.20 phi=180 continuous B/R co=89.766/10.066% voxel=NaN/NaN%
window_51 NAi=0.25 phi=180 continuous B/R co=90.159/10.175% voxel=NaN/NaN%
window_51 NAi=0.30 phi=180 continuous B/R co=90.646/10.311% voxel=NaN/NaN%
window_51 NAi=0.35 phi=180 continuous B/R co=91.232/10.481% voxel=NaN/NaN%
window_51 NAi=0.40 phi=180 continuous B/R co=91.922/10.683% voxel=NaN/NaN%
window_51 NAi=0.45 phi=180 continuous B/R co=92.725/10.920% voxel=NaN/NaN%
window_51 NAi=0.50 phi=180 continuous B/R co=93.648/11.192% voxel=NaN/NaN%
window_51 NAi=0.05 phi=225 continuous B/R co=89.123/9.883% voxel=NaN/NaN%
window_51 NAi=0.10 phi=225 continuous B/R co=89.252/9.920% voxel=NaN/NaN%
window_51 NAi=0.15 phi=225 continuous B/R co=89.464/9.981% voxel=NaN/NaN%
window_51 NAi=0.20 phi=225 continuous B/R co=89.766/10.065% voxel=NaN/NaN%
window_51 NAi=0.25 phi=225 continuous B/R co=90.159/10.173% voxel=NaN/NaN%
window_51 NAi=0.30 phi=225 continuous B/R co=90.646/10.310% voxel=NaN/NaN%
window_51 NAi=0.35 phi=225 continuous B/R co=91.232/10.479% voxel=NaN/NaN%
window_51 NAi=0.40 phi=225 continuous B/R co=91.923/10.680% voxel=NaN/NaN%
window_51 NAi=0.45 phi=225 continuous B/R co=92.725/10.916% voxel=NaN/NaN%
window_51 NAi=0.50 phi=225 continuous B/R co=93.648/11.187% voxel=NaN/NaN%
window_51 NAi=0.05 phi=270 continuous B/R co=89.122/9.884% voxel=NaN/NaN%
window_51 NAi=0.10 phi=270 continuous B/R co=89.252/9.920% voxel=NaN/NaN%
window_51 NAi=0.15 phi=270 continuous B/R co=89.464/9.980% voxel=NaN/NaN%
window_51 NAi=0.20 phi=270 continuous B/R co=89.766/10.064% voxel=NaN/NaN%
window_51 NAi=0.25 phi=270 continuous B/R co=90.159/10.172% voxel=NaN/NaN%
window_51 NAi=0.30 phi=270 continuous B/R co=90.646/10.308% voxel=NaN/NaN%
window_51 NAi=0.35 phi=270 continuous B/R co=91.232/10.477% voxel=NaN/NaN%
window_51 NAi=0.40 phi=270 continuous B/R co=91.923/10.678% voxel=NaN/NaN%
window_51 NAi=0.45 phi=270 continuous B/R co=92.726/10.913% voxel=NaN/NaN%
window_51 NAi=0.50 phi=270 continuous B/R co=93.648/11.183% voxel=NaN/NaN%
window_51 NAi=0.05 phi=315 continuous B/R co=89.123/9.883% voxel=NaN/NaN%
window_51 NAi=0.10 phi=315 continuous B/R co=89.252/9.920% voxel=NaN/NaN%
window_51 NAi=0.15 phi=315 continuous B/R co=89.464/9.981% voxel=NaN/NaN%
window_51 NAi=0.20 phi=315 continuous B/R co=89.766/10.065% voxel=NaN/NaN%
window_51 NAi=0.25 phi=315 continuous B/R co=90.159/10.173% voxel=NaN/NaN%
window_51 NAi=0.30 phi=315 continuous B/R co=90.646/10.310% voxel=NaN/NaN%
window_51 NAi=0.35 phi=315 continuous B/R co=91.232/10.479% voxel=NaN/NaN%
window_51 NAi=0.40 phi=315 continuous B/R co=91.923/10.680% voxel=NaN/NaN%
window_51 NAi=0.45 phi=315 continuous B/R co=92.725/10.916% voxel=NaN/NaN%
window_51 NAi=0.50 phi=315 continuous B/R co=93.648/11.187% voxel=NaN/NaN%
GRID_FINISHED window_51 rows=81 elapsed=18.5s
sampling_0p05 NAi=0.00 phi=  0 continuous B/R co=89.084/9.869% voxel=NaN/NaN%
sampling_0p05 NAi=0.05 phi=  0 continuous B/R co=89.123/9.883% voxel=NaN/NaN%
sampling_0p05 NAi=0.10 phi=  0 continuous B/R co=89.252/9.921% voxel=NaN/NaN%
sampling_0p05 NAi=0.15 phi=  0 continuous B/R co=89.464/9.981% voxel=NaN/NaN%
sampling_0p05 NAi=0.20 phi=  0 continuous B/R co=89.766/10.066% voxel=NaN/NaN%
sampling_0p05 NAi=0.25 phi=  0 continuous B/R co=90.159/10.175% voxel=NaN/NaN%
sampling_0p05 NAi=0.30 phi=  0 continuous B/R co=90.646/10.311% voxel=NaN/NaN%
sampling_0p05 NAi=0.35 phi=  0 continuous B/R co=91.232/10.481% voxel=NaN/NaN%
sampling_0p05 NAi=0.40 phi=  0 continuous B/R co=91.922/10.683% voxel=NaN/NaN%
sampling_0p05 NAi=0.45 phi=  0 continuous B/R co=92.725/10.920% voxel=NaN/NaN%
sampling_0p05 NAi=0.50 phi=  0 continuous B/R co=93.648/11.192% voxel=NaN/NaN%
sampling_0p05 NAi=0.05 phi= 45 continuous B/R co=89.123/9.883% voxel=NaN/NaN%
sampling_0p05 NAi=0.10 phi= 45 continuous B/R co=89.252/9.920% voxel=NaN/NaN%
sampling_0p05 NAi=0.15 phi= 45 continuous B/R co=89.464/9.981% voxel=NaN/NaN%
sampling_0p05 NAi=0.20 phi= 45 continuous B/R co=89.766/10.065% voxel=NaN/NaN%
sampling_0p05 NAi=0.25 phi= 45 continuous B/R co=90.159/10.173% voxel=NaN/NaN%
sampling_0p05 NAi=0.30 phi= 45 continuous B/R co=90.646/10.310% voxel=NaN/NaN%
sampling_0p05 NAi=0.35 phi= 45 continuous B/R co=91.232/10.479% voxel=NaN/NaN%
sampling_0p05 NAi=0.40 phi= 45 continuous B/R co=91.923/10.680% voxel=NaN/NaN%
sampling_0p05 NAi=0.45 phi= 45 continuous B/R co=92.725/10.916% voxel=NaN/NaN%
sampling_0p05 NAi=0.50 phi= 45 continuous B/R co=93.648/11.187% voxel=NaN/NaN%
sampling_0p05 NAi=0.05 phi= 90 continuous B/R co=89.122/9.884% voxel=NaN/NaN%
sampling_0p05 NAi=0.10 phi= 90 continuous B/R co=89.252/9.920% voxel=NaN/NaN%
sampling_0p05 NAi=0.15 phi= 90 continuous B/R co=89.464/9.980% voxel=NaN/NaN%
sampling_0p05 NAi=0.20 phi= 90 continuous B/R co=89.766/10.064% voxel=NaN/NaN%
sampling_0p05 NAi=0.25 phi= 90 continuous B/R co=90.159/10.172% voxel=NaN/NaN%
sampling_0p05 NAi=0.30 phi= 90 continuous B/R co=90.646/10.308% voxel=NaN/NaN%
sampling_0p05 NAi=0.35 phi= 90 continuous B/R co=91.232/10.477% voxel=NaN/NaN%
sampling_0p05 NAi=0.40 phi= 90 continuous B/R co=91.923/10.678% voxel=NaN/NaN%
sampling_0p05 NAi=0.45 phi= 90 continuous B/R co=92.726/10.913% voxel=NaN/NaN%
sampling_0p05 NAi=0.50 phi= 90 continuous B/R co=93.648/11.183% voxel=NaN/NaN%
sampling_0p05 NAi=0.05 phi=135 continuous B/R co=89.123/9.883% voxel=NaN/NaN%
sampling_0p05 NAi=0.10 phi=135 continuous B/R co=89.252/9.920% voxel=NaN/NaN%
sampling_0p05 NAi=0.15 phi=135 continuous B/R co=89.464/9.981% voxel=NaN/NaN%
sampling_0p05 NAi=0.20 phi=135 continuous B/R co=89.766/10.065% voxel=NaN/NaN%
sampling_0p05 NAi=0.25 phi=135 continuous B/R co=90.159/10.173% voxel=NaN/NaN%
sampling_0p05 NAi=0.30 phi=135 continuous B/R co=90.646/10.310% voxel=NaN/NaN%
sampling_0p05 NAi=0.35 phi=135 continuous B/R co=91.232/10.479% voxel=NaN/NaN%
sampling_0p05 NAi=0.40 phi=135 continuous B/R co=91.923/10.680% voxel=NaN/NaN%
sampling_0p05 NAi=0.45 phi=135 continuous B/R co=92.725/10.916% voxel=NaN/NaN%
sampling_0p05 NAi=0.50 phi=135 continuous B/R co=93.648/11.187% voxel=NaN/NaN%
sampling_0p05 NAi=0.05 phi=180 continuous B/R co=89.123/9.883% voxel=NaN/NaN%
sampling_0p05 NAi=0.10 phi=180 continuous B/R co=89.252/9.921% voxel=NaN/NaN%
sampling_0p05 NAi=0.15 phi=180 continuous B/R co=89.464/9.981% voxel=NaN/NaN%
sampling_0p05 NAi=0.20 phi=180 continuous B/R co=89.766/10.066% voxel=NaN/NaN%
sampling_0p05 NAi=0.25 phi=180 continuous B/R co=90.159/10.175% voxel=NaN/NaN%
sampling_0p05 NAi=0.30 phi=180 continuous B/R co=90.646/10.311% voxel=NaN/NaN%
sampling_0p05 NAi=0.35 phi=180 continuous B/R co=91.232/10.481% voxel=NaN/NaN%
sampling_0p05 NAi=0.40 phi=180 continuous B/R co=91.922/10.683% voxel=NaN/NaN%
sampling_0p05 NAi=0.45 phi=180 continuous B/R co=92.725/10.920% voxel=NaN/NaN%
sampling_0p05 NAi=0.50 phi=180 continuous B/R co=93.648/11.192% voxel=NaN/NaN%
sampling_0p05 NAi=0.05 phi=225 continuous B/R co=89.123/9.883% voxel=NaN/NaN%
sampling_0p05 NAi=0.10 phi=225 continuous B/R co=89.252/9.920% voxel=NaN/NaN%
sampling_0p05 NAi=0.15 phi=225 continuous B/R co=89.464/9.981% voxel=NaN/NaN%
sampling_0p05 NAi=0.20 phi=225 continuous B/R co=89.766/10.065% voxel=NaN/NaN%
sampling_0p05 NAi=0.25 phi=225 continuous B/R co=90.159/10.173% voxel=NaN/NaN%
sampling_0p05 NAi=0.30 phi=225 continuous B/R co=90.646/10.310% voxel=NaN/NaN%
sampling_0p05 NAi=0.35 phi=225 continuous B/R co=91.232/10.479% voxel=NaN/NaN%
sampling_0p05 NAi=0.40 phi=225 continuous B/R co=91.923/10.680% voxel=NaN/NaN%
sampling_0p05 NAi=0.45 phi=225 continuous B/R co=92.725/10.916% voxel=NaN/NaN%
sampling_0p05 NAi=0.50 phi=225 continuous B/R co=93.648/11.187% voxel=NaN/NaN%
sampling_0p05 NAi=0.05 phi=270 continuous B/R co=89.122/9.884% voxel=NaN/NaN%
sampling_0p05 NAi=0.10 phi=270 continuous B/R co=89.252/9.920% voxel=NaN/NaN%
sampling_0p05 NAi=0.15 phi=270 continuous B/R co=89.464/9.980% voxel=NaN/NaN%
sampling_0p05 NAi=0.20 phi=270 continuous B/R co=89.766/10.064% voxel=NaN/NaN%
sampling_0p05 NAi=0.25 phi=270 continuous B/R co=90.159/10.172% voxel=NaN/NaN%
sampling_0p05 NAi=0.30 phi=270 continuous B/R co=90.646/10.308% voxel=NaN/NaN%
sampling_0p05 NAi=0.35 phi=270 continuous B/R co=91.232/10.477% voxel=NaN/NaN%
sampling_0p05 NAi=0.40 phi=270 continuous B/R co=91.923/10.678% voxel=NaN/NaN%
sampling_0p05 NAi=0.45 phi=270 continuous B/R co=92.726/10.913% voxel=NaN/NaN%
sampling_0p05 NAi=0.50 phi=270 continuous B/R co=93.648/11.183% voxel=NaN/NaN%
sampling_0p05 NAi=0.05 phi=315 continuous B/R co=89.123/9.883% voxel=NaN/NaN%
sampling_0p05 NAi=0.10 phi=315 continuous B/R co=89.252/9.920% voxel=NaN/NaN%
sampling_0p05 NAi=0.15 phi=315 continuous B/R co=89.464/9.981% voxel=NaN/NaN%
sampling_0p05 NAi=0.20 phi=315 continuous B/R co=89.766/10.065% voxel=NaN/NaN%
sampling_0p05 NAi=0.25 phi=315 continuous B/R co=90.159/10.173% voxel=NaN/NaN%
sampling_0p05 NAi=0.30 phi=315 continuous B/R co=90.646/10.310% voxel=NaN/NaN%
sampling_0p05 NAi=0.35 phi=315 continuous B/R co=91.232/10.479% voxel=NaN/NaN%
sampling_0p05 NAi=0.40 phi=315 continuous B/R co=91.923/10.680% voxel=NaN/NaN%
sampling_0p05 NAi=0.45 phi=315 continuous B/R co=92.725/10.916% voxel=NaN/NaN%
sampling_0p05 NAi=0.50 phi=315 continuous B/R co=93.648/11.187% voxel=NaN/NaN%
GRID_FINISHED sampling_0p05 rows=81 elapsed=19.1s
Voxel padding_3 N=256 Nz=80 dx=0.1 padding=3 angles=7
padding_3 NAi=0.00 phi=  0 continuous B/R co=89.084/9.864% voxel=88.903/9.899%
padding_3 NAi=0.25 phi=  0 continuous B/R co=90.159/10.177% voxel=89.455/9.969%
padding_3 NAi=0.50 phi=  0 continuous B/R co=93.648/11.194% voxel=92.758/10.678%
padding_3 NAi=0.25 phi= 45 continuous B/R co=90.159/10.174% voxel=89.167/9.384%
padding_3 NAi=0.50 phi= 45 continuous B/R co=93.648/11.188% voxel=92.786/10.730%
padding_3 NAi=0.25 phi= 90 continuous B/R co=90.159/10.174% voxel=89.456/9.968%
padding_3 NAi=0.50 phi= 90 continuous B/R co=93.648/11.185% voxel=92.759/10.670%
GRID_FINISHED padding_3 rows=7 elapsed=2.5s
Voxel voxel_0p0667 N=384 Nz=120 dx=0.0666667 padding=2 angles=7
voxel_0p0667 NAi=0.00 phi=  0 continuous B/R co=89.084/9.864% voxel=88.889/9.994%
voxel_0p0667 NAi=0.25 phi=  0 continuous B/R co=90.159/10.177% voxel=89.080/10.086%
voxel_0p0667 NAi=0.50 phi=  0 continuous B/R co=93.648/11.194% voxel=91.965/10.761%
voxel_0p0667 NAi=0.25 phi= 45 continuous B/R co=90.159/10.174% voxel=89.104/10.158%
voxel_0p0667 NAi=0.50 phi= 45 continuous B/R co=93.648/11.188% voxel=92.008/10.869%
voxel_0p0667 NAi=0.25 phi= 90 continuous B/R co=90.159/10.174% voxel=89.081/10.090%
voxel_0p0667 NAi=0.50 phi= 90 continuous B/R co=93.648/11.185% voxel=91.967/10.759%
GRID_FINISHED voxel_0p0667 rows=7 elapsed=3.1s
Voxel voxel_window_51 N=512 Nz=80 dx=0.1 padding=2 angles=7
voxel_window_51 NAi=0.00 phi=  0 continuous B/R co=89.084/9.869% voxel=88.843/9.960%
voxel_window_51 NAi=0.25 phi=  0 continuous B/R co=90.159/10.175% voxel=89.050/10.108%
voxel_window_51 NAi=0.50 phi=  0 continuous B/R co=93.648/11.192% voxel=91.941/10.824%
voxel_window_51 NAi=0.25 phi= 45 continuous B/R co=90.159/10.173% voxel=89.068/10.149%
voxel_window_51 NAi=0.50 phi= 45 continuous B/R co=93.648/11.187% voxel=91.969/10.872%
voxel_window_51 NAi=0.25 phi= 90 continuous B/R co=90.159/10.172% voxel=89.051/10.110%
voxel_window_51 NAi=0.50 phi= 90 continuous B/R co=93.648/11.183% voxel=91.943/10.820%
GRID_FINISHED voxel_window_51 rows=7 elapsed=6.7s
OBLATE_SWEEP_FINISHED rows=264
