
                            < M A T L A B (R) >
                  Copyright 1984-2024 The MathWorks, Inc.
              R2024a Update 9 (24.1.0.3303086) 64-bit (maca64)
                               June 22, 2026

Undefined function 'desktop' for input arguments of type 'char'.
[Warning: MATLAB did not appear to successfully set the search path. To recover
for this session of MATLAB, type "restoredefaultpath;matlabrc". To find out how
to avoid this warning the next time you start MATLAB, type "docsearch problem
path" after recovering for this session.] 
test_sph_coords: PASS
test_coords_vecwave: PASS
COORDINATE_CHECKS_PASS
Reference L=114 M=59 mu=0 elapsed=1.0s
Reference L=114 M=59 mu=1 elapsed=2.0s
Reference L=114 M=59 mu=2 elapsed=3.0s
Reference L=114 M=59 mu=3 elapsed=4.0s
Reference L=114 M=59 mu=4 elapsed=4.9s
Reference L=114 M=59 mu=5 elapsed=5.9s
Reference L=114 M=59 mu=6 elapsed=6.9s
Reference L=114 M=59 mu=7 elapsed=7.9s
Reference L=114 M=59 mu=8 elapsed=8.9s
Reference L=114 M=59 mu=9 elapsed=9.8s
Reference L=114 M=59 mu=10 elapsed=10.7s
Reference L=114 M=59 mu=11 elapsed=11.6s
Reference L=114 M=59 mu=12 elapsed=12.5s
Reference L=114 M=59 mu=13 elapsed=13.4s
Reference L=114 M=59 mu=14 elapsed=14.3s
Reference L=114 M=59 mu=15 elapsed=15.2s
Reference L=114 M=59 mu=16 elapsed=16.1s
Reference L=114 M=59 mu=17 elapsed=17.0s
Reference L=114 M=59 mu=18 elapsed=17.8s
Reference L=114 M=59 mu=19 elapsed=18.7s
Reference L=114 M=59 mu=20 elapsed=19.5s
Reference L=114 M=59 mu=21 elapsed=20.4s
Reference L=114 M=59 mu=22 elapsed=21.2s
Reference L=114 M=59 mu=23 elapsed=22.1s
Reference L=114 M=59 mu=24 elapsed=22.9s
Reference L=114 M=59 mu=25 elapsed=23.8s
Reference L=114 M=59 mu=26 elapsed=24.6s
Reference L=114 M=59 mu=27 elapsed=25.4s
Reference L=114 M=59 mu=28 elapsed=26.2s
Reference L=114 M=59 mu=29 elapsed=27.1s
Reference L=114 M=59 mu=30 elapsed=27.9s
Reference L=114 M=59 mu=31 elapsed=28.7s
Reference L=114 M=59 mu=32 elapsed=29.6s
Reference L=114 M=59 mu=33 elapsed=30.5s
Reference L=114 M=59 mu=34 elapsed=31.3s
Reference L=114 M=59 mu=35 elapsed=32.1s
Reference L=114 M=59 mu=36 elapsed=33.0s
Reference L=114 M=59 mu=37 elapsed=33.8s
Reference L=114 M=59 mu=38 elapsed=34.6s
Reference L=114 M=59 mu=39 elapsed=35.4s
Reference L=114 M=59 mu=40 elapsed=36.1s
Reference L=114 M=59 mu=41 elapsed=36.8s
Reference L=114 M=59 mu=42 elapsed=37.5s
Reference L=114 M=59 mu=43 elapsed=38.2s
Reference L=114 M=59 mu=44 elapsed=38.9s
Reference L=114 M=59 mu=45 elapsed=39.6s
Reference L=114 M=59 mu=46 elapsed=40.3s
Reference L=114 M=59 mu=47 elapsed=41.0s
Reference L=114 M=59 mu=48 elapsed=41.6s
Reference L=114 M=59 mu=49 elapsed=42.4s
Reference L=114 M=59 mu=50 elapsed=43.0s
Reference L=114 M=59 mu=51 elapsed=43.7s
Reference L=114 M=59 mu=52 elapsed=44.3s
Reference L=114 M=59 mu=53 elapsed=45.0s
Reference L=114 M=59 mu=54 elapsed=45.7s
Reference L=114 M=59 mu=55 elapsed=46.3s
Reference L=114 M=59 mu=56 elapsed=46.9s
Reference L=114 M=59 mu=57 elapsed=47.5s
Reference L=114 M=59 mu=58 elapsed=48.1s
Reference L=114 M=59 mu=59 elapsed=48.7s
BATCH_BOUNDARY_PASS vector=3.78e-13 scalar=1.82e-13 time=48.7s
NEAR_FIELDS 1000/35376 vector=1 gradient=1
NEAR_FIELDS 6000/35376 vector=1 gradient=1
NEAR_FIELDS 11000/35376 vector=1 gradient=1
NEAR_FIELDS 16000/35376 vector=1 gradient=1
NEAR_FIELDS 21000/35376 vector=1 gradient=1
NEAR_FIELDS 26000/35376 vector=1 gradient=1
NEAR_FIELDS 31000/35376 vector=1 gradient=1
NEAR_FIELDS 35376/35376 vector=1 gradient=1
Reference L=109 M=55 mu=0 elapsed=0.9s
Reference L=109 M=55 mu=1 elapsed=1.8s
Reference L=109 M=55 mu=2 elapsed=2.6s
Reference L=109 M=55 mu=3 elapsed=3.5s
Reference L=109 M=55 mu=4 elapsed=4.4s
Reference L=109 M=55 mu=5 elapsed=5.3s
Reference L=109 M=55 mu=6 elapsed=6.1s
Reference L=109 M=55 mu=7 elapsed=6.9s
Reference L=109 M=55 mu=8 elapsed=7.8s
Reference L=109 M=55 mu=9 elapsed=8.6s
Reference L=109 M=55 mu=10 elapsed=9.4s
Reference L=109 M=55 mu=11 elapsed=10.2s
Reference L=109 M=55 mu=12 elapsed=11.0s
Reference L=109 M=55 mu=13 elapsed=11.9s
Reference L=109 M=55 mu=14 elapsed=12.7s
Reference L=109 M=55 mu=15 elapsed=13.5s
Reference L=109 M=55 mu=16 elapsed=14.2s
Reference L=109 M=55 mu=17 elapsed=15.0s
Reference L=109 M=55 mu=18 elapsed=15.8s
Reference L=109 M=55 mu=19 elapsed=16.5s
Reference L=109 M=55 mu=20 elapsed=17.3s
Reference L=109 M=55 mu=21 elapsed=18.1s
Reference L=109 M=55 mu=22 elapsed=18.8s
Reference L=109 M=55 mu=23 elapsed=19.5s
Reference L=109 M=55 mu=24 elapsed=20.2s
Reference L=109 M=55 mu=25 elapsed=20.9s
Reference L=109 M=55 mu=26 elapsed=21.6s
Reference L=109 M=55 mu=27 elapsed=22.4s
Reference L=109 M=55 mu=28 elapsed=23.1s
Reference L=109 M=55 mu=29 elapsed=23.8s
Reference L=109 M=55 mu=30 elapsed=24.5s
Reference L=109 M=55 mu=31 elapsed=25.2s
Reference L=109 M=55 mu=32 elapsed=25.8s
Reference L=109 M=55 mu=33 elapsed=26.5s
Reference L=109 M=55 mu=34 elapsed=27.1s
Reference L=109 M=55 mu=35 elapsed=27.8s
Reference L=109 M=55 mu=36 elapsed=28.4s
Reference L=109 M=55 mu=37 elapsed=29.0s
Reference L=109 M=55 mu=38 elapsed=29.8s
Reference L=109 M=55 mu=39 elapsed=30.4s
Reference L=109 M=55 mu=40 elapsed=31.1s
Reference L=109 M=55 mu=41 elapsed=31.7s
Reference L=109 M=55 mu=42 elapsed=32.4s
Reference L=109 M=55 mu=43 elapsed=33.1s
Reference L=109 M=55 mu=44 elapsed=33.8s
Reference L=109 M=55 mu=45 elapsed=34.5s
Reference L=109 M=55 mu=46 elapsed=35.2s
Reference L=109 M=55 mu=47 elapsed=35.8s
Reference L=109 M=55 mu=48 elapsed=36.5s
Reference L=109 M=55 mu=49 elapsed=37.2s
Reference L=109 M=55 mu=50 elapsed=37.8s
Reference L=109 M=55 mu=51 elapsed=38.4s
Reference L=109 M=55 mu=52 elapsed=38.9s
Reference L=109 M=55 mu=53 elapsed=39.4s
Reference L=109 M=55 mu=54 elapsed=40.0s
Reference L=109 M=55 mu=55 elapsed=40.5s
BATCH_BOUNDARY_PASS vector=3.67e-13 scalar=1.41e-13 time=40.5s
NEAR_FIELDS 257/257 vector=1 gradient=0
SCALED_REFERENCE t=0.005 residual=1.38e-13 elapsed=7.4s
SCALED_REFERENCE t=-0.005 residual=1.22e-13 elapsed=7.1s
NEAR_FIELDS 1000/28022 vector=0 gradient=0
NEAR_FIELDS 6000/28022 vector=0 gradient=0
NEAR_FIELDS 11000/28022 vector=0 gradient=0
NEAR_FIELDS 16000/28022 vector=0 gradient=0
NEAR_FIELDS 21000/28022 vector=0 gradient=0
NEAR_FIELDS 26000/28022 vector=0 gradient=0
NEAR_FIELDS 1000/7354 vector=0 gradient=0
NEAR_FIELDS 6000/7354 vector=0 gradient=0
NEAR_FIELDS 1000/7354 vector=0 gradient=0
NEAR_FIELDS 6000/7354 vector=0 gradient=0
XZ_MAPS_SAVED near vector/scalar cutoff gaps 2.47e-12 2.72e-12
NEAR_FIELDS 8/8 vector=0 gradient=0
NEAR_FIELDS 8/8 vector=0 gradient=0
SCALED_REFERENCE t=0.01 residual=1.17e-13 elapsed=7.4s
SCALED_REFERENCE t=-0.01 residual=8.69e-14 elapsed=7.5s
NEAR_FIELDS 8/8 vector=0 gradient=0
NEAR_FIELDS 8/8 vector=0 gradient=0
SCALED_REFERENCE t=0.1 residual=9.86e-14 elapsed=7.4s
OBLATE_CAUSE theta=0 t=0.10 R1=0.8672% R2=0.0339%
SCALED_REFERENCE t=0.25 residual=1.28e-13 elapsed=14.5s
OBLATE_CAUSE theta=0 t=0.25 R1=2.1928% R2=0.2140%
SCALED_REFERENCE t=0.5 residual=9.56e-14 elapsed=7.0s
OBLATE_CAUSE theta=0 t=0.50 R1=4.5122% R2=0.8798%
OBLATE_CAUSE theta=0 t=1.00 R1=9.8902% R2=3.8472%
OBLATE_CAUSE theta=5 t=0.10 R1=0.8727% R2=0.0342%
OBLATE_CAUSE theta=5 t=0.25 R1=2.2068% R2=0.2158%
OBLATE_CAUSE theta=5 t=0.50 R1=4.5418% R2=0.8872%
OBLATE_CAUSE theta=5 t=1.00 R1=9.9574% R2=3.8776%
OBLATE_CAUSE theta=10 t=0.10 R1=0.8885% R2=0.0349%
OBLATE_CAUSE theta=10 t=0.25 R1=2.2468% R2=0.2208%
OBLATE_CAUSE theta=10 t=0.50 R1=4.6248% R2=0.9069%
OBLATE_CAUSE theta=10 t=1.00 R1=10.1487% R2=3.9600%
OBLATE_CAUSE theta=15 t=0.10 R1=0.9159% R2=0.0364%
OBLATE_CAUSE theta=15 t=0.25 R1=2.3161% R2=0.2301%
OBLATE_CAUSE theta=15 t=0.50 R1=4.7686% R2=0.9458%
OBLATE_CAUSE theta=15 t=1.00 R1=10.4790% R2=4.1382%
OBLATE_XZ_AND_CAUSE_PASS
