
                            < M A T L A B (R) >
                  Copyright 1984-2024 The MathWorks, Inc.
              R2024a Update 9 (24.1.0.3303086) 64-bit (maca64)
                               June 22, 2026

Undefined function 'desktop' for input arguments of type 'char'.
[Warning: MATLAB did not appear to successfully set the search path. To recover
for this session of MATLAB, type "restoredefaultpath;matlabrc". To find out how
to avoid this warning the next time you start MATLAB, type "docsearch problem
path" after recovering for this session.] 
Reference L=18 M=12 mu=0 elapsed=0.3s
Reference L=18 M=12 mu=1 elapsed=0.5s
Reference L=18 M=12 mu=2 elapsed=0.6s
Reference L=18 M=12 mu=3 elapsed=0.7s
Reference L=18 M=12 mu=4 elapsed=0.8s
Reference L=18 M=12 mu=5 elapsed=0.9s
Reference L=18 M=12 mu=6 elapsed=1.0s
Reference L=18 M=12 mu=7 elapsed=1.1s
Reference L=18 M=12 mu=8 elapsed=1.1s
Reference L=18 M=12 mu=9 elapsed=1.2s
Reference L=18 M=12 mu=10 elapsed=1.3s
Reference L=18 M=12 mu=11 elapsed=1.3s
Reference L=18 M=12 mu=12 elapsed=1.4s
BATCH_BOUNDARY_PASS vector=3.58e-08 scalar=7.6e-16 time=1.4s
OBLATE_IMPLEMENTATION_CHECKS_PASS public_far_gap=1.24e-10
