Scalar reference PASS: independent sphere gap 1.12e-06; boundary 1.54e-15.
Scalar L refinement 1.21e-12; finite-radius check 7.51e-06.
Exact scalar vs vector Ex on NA=.1: 0.252653%.
Weak exact derivative vs Born 5.1e-05; second coefficient h-refinement 8.36e-05.
t=0.10 z= 5.2 B= 16.489% R1=  1.856% R2=  0.028% psi2/psi1=0.0317
t=0.10 z= 7.0 B= 16.489% R1=  2.516% R2=  0.046% psi2/psi1=0.0421
t=0.10 z=14.0 B= 16.489% R1=  4.700% R2=  0.275% psi2/psi1=0.0731
t=0.25 z= 5.2 B= 41.372% R1=  4.505% R2=  0.162% psi2/psi1=0.0792
t=0.25 z= 7.0 B= 41.372% R1=  6.153% R2=  0.265% psi2/psi1=0.105
t=0.25 z=14.0 B= 41.372% R1= 11.396% R2=  2.259% psi2/psi1=0.183
t=0.50 z= 5.2 B= 84.860% R1=  8.663% R2=  0.707% psi2/psi1=0.158
t=0.50 z= 7.0 B= 84.860% R1= 12.005% R2=  1.233% psi2/psi1=0.21
t=0.50 z=14.0 B= 84.860% R1= 21.917% R2= 19.658% psi2/psi1=0.366
t=1.00 z= 5.2 B=197.233% R1= 16.873% R2=  4.393% psi2/psi1=0.317
t=1.00 z= 7.0 B=197.233% R1= 24.174% R2= 13.381% psi2/psi1=0.421
t=1.00 z=14.0 B=197.233% R1= 47.214% R2=2704.996% psi2/psi1=0.731
Spectral experiment completed in 20.09s.
Scalar L refinement 1.21e-12; finite-radius check 7.51e-06.
Exact scalar vs vector Ex on NA=.1: 0.252653%.
Weak exact derivative vs Born 5.1e-05; second coefficient h-refinement 8.36e-05.
t=0.10 z= 5.2 B= 16.489% R1=  1.856% R2=  0.028% psi2/psi1=0.0317
t=0.10 z= 7.0 B= 16.489% R1=  2.516% R2=  0.046% psi2/psi1=0.0421
t=0.10 z=14.0 B= 16.489% R1=  4.700% R2=  0.275% psi2/psi1=0.0731
t=0.25 z= 5.2 B= 41.372% R1=  4.505% R2=  0.162% psi2/psi1=0.0792
t=0.25 z= 7.0 B= 41.372% R1=  6.153% R2=  0.265% psi2/psi1=0.105
t=0.25 z=14.0 B= 41.372% R1= 11.396% R2=  2.259% psi2/psi1=0.183
t=0.50 z= 5.2 B= 84.860% R1=  8.663% R2=  0.707% psi2/psi1=0.158
t=0.50 z= 7.0 B= 84.860% R1= 12.005% R2=  1.233% psi2/psi1=0.21
t=0.50 z=14.0 B= 84.860% R1= 21.917% R2= 19.658% psi2/psi1=0.366
t=1.00 z= 5.2 B=197.233% R1= 16.873% R2=  4.393% psi2/psi1=0.317
t=1.00 z= 7.0 B=197.233% R1= 24.174% R2= 13.381% psi2/psi1=0.421
t=1.00 z=14.0 B=197.233% R1= 47.214% R2=2704.996% psi2/psi1=0.731
Spectral experiment completed in 20.02s.
t=0.1 interior_core        rms|Q|=0.01956, Q/f=0.01497, transverse ratio=0.8933, min|U|=0.9707
t=0.1 interior_rim         rms|Q|=0.04317, Q/f=0.03305, transverse ratio=0.9873, min|U|=0.9815
t=0.1 exit_5_to_7          rms|Q|=0.05878, Q/f=NaN, transverse ratio=1.011, min|U|=0.9259
t=0.1 downstream_7_to_14   rms|Q|=0.0525, Q/f=NaN, transverse ratio=1.004, min|U|=0.8801
Term map t=0.1: PDE residual 4.49e-06, 3.38s.
t=1.0 interior_core        rms|Q|=3.148, Q/f=0.241, transverse ratio=0.9063, min|U|=0.7015
t=1.0 interior_rim         rms|Q|=3.741, Q/f=0.2863, transverse ratio=0.9903, min|U|=0.7786
t=1.0 exit_5_to_7          rms|Q|=28.19, Q/f=NaN, transverse ratio=1.081, min|U|=0.08987
t=1.0 downstream_7_to_14   rms|Q|=16.21, Q/f=NaN, transverse ratio=1.063, min|U|=0.1206
Term map t=1.0: PDE residual 4.57e-07, 3.33s.
Uniform 10 um slab: total error 5.3004%, scattered error 2.9774%, phase 4.0886 rad.
t=0.1 interior_core        rms|Q|=0.01941, Q/f=0.01486, transverse ratio=0.8947, min|U|=0.9687
t=0.1 interior_rim         rms|Q|=0.04308, Q/f=0.03297, transverse ratio=0.9872, min|U|=0.981
t=0.1 exit_5_to_7          rms|Q|=0.05878, Q/f=NaN, transverse ratio=1.011, min|U|=0.9244
t=0.1 downstream_7_to_14   rms|Q|=0.0525, Q/f=NaN, transverse ratio=1.004, min|U|=0.8797
Term map t=0.1: PDE residual 4.49e-06, 11.00s.
t=1.0 interior_core        rms|Q|=3.127, Q/f=0.2394, transverse ratio=0.9146, min|U|=0.6925
t=1.0 interior_rim         rms|Q|=3.733, Q/f=0.2858, transverse ratio=0.9902, min|U|=0.777
t=1.0 exit_5_to_7          rms|Q|=17.78, Q/f=NaN, transverse ratio=1.161, min|U|=0.02719
t=1.0 downstream_7_to_14   rms|Q|=12.21, Q/f=NaN, transverse ratio=1.036, min|U|=0.04096
Term map t=1.0: PDE residual 4.57e-07, 10.41s.
Uniform 10 um slab: total error 5.3004%, scattered error 2.9774%, phase 4.0886 rad.
Geometry a=5 b=2.5, central phase=4.08861, R1 error 24.1742%
Geometry a=5 b=5, central phase=4.08861, R1 error 12.7176%
Pre-objective field zero: rho=0.1598748398 z=6.996322478 um; |U|=2.41e-14, refined 8.64e-12.
NA regression: Born 2.194e-16, Rytov 2.112e-16, outside pupil 1.856e-16
test_born_rytov_voxel: PASS
ALL EXPERIMENT CHECKS COMPLETED
c512=readtable('forward/exp/contrast_distance_N512.csv'); c1024=readtable('forward/exp/contrast_distance_N1024.csv'); g1=max(abs(c512.rytov1_error-c1024.rytov1_error)); g2=max(abs(c512.rytov2_error-c1024.rytov2_error)); assert(g1<1e-7 && g2<1e-5); q05=readtable('forward/exp/omitted_term_dx0.05.csv'); q025=readtable('forward/exp/omitted_term_dx0.025.csv'); iq=isfinite(q05.Q_over_f_rms); assert(max(abs(q05.Q_over_f_rms(iq)-q025.Q_over_f_rms(iq)))<.01); fprintf('CROSS-GRID CHECKS PASS: R1 %.3g, R2 %.3g; interior Q/f stable within .01.\n',g1,g2); diary off; exit
CROSS-GRID CHECKS PASS: R1 1.28e-09, R2 8.86e-08; interior Q/f stable within .01.
