Final artifact audit, 2026-09-13.
INVERSE_ARTIFACT_CHECK_PASS: 17 reconstructions
exact                direct RI error 46.905578%
exact                gp     RI error 36.524605%
exact                tv     RI error 21.694461%
gp_control_tight     gp     RI error 33.080548%
gp_tight             gp     RI error 85.004651%
linear_control       direct RI error 46.628933%
linear_control       gp     RI error 35.844573%
linear_control       tv     RI error 19.824139%
padding8             direct RI error 46.905578%
padding8             gp     RI error 36.376738%
padding8             tv     RI error 28.012335%
tv_double            tv     RI error 27.781186%
tv_half              tv     RI error 28.152784%
tv_long              tv     RI error 25.933780%
tv_penalty           tv     RI error 19.550132%
tv_refined           tv     RI error 29.357961%
tv_strict            tv     RI error 28.944953%
FINAL_INVENTORY_PASS: 11 runs, 17 reconstructions, 7 explicitly unconverged; 11 figures; 19 local links
MAT/CSV settings, histories, convergence flags, and run completion markers agree.
Final report edits: all 21 local README/report links verified.
Source/data SHA-256 verification: all 22 files OK.
Final full inverse suite: PASS; Code Analyzer: 0 issues across 12 MATLAB files.
Git diff --check and the inverse source/document trailing-whitespace scan: no findings.
