INVERSE_RUN linear_control source=matched padding=4 grid=[128 128 80] dx=0.1
Known object vs physical Rytov Ewald data: 1.674612%
Data-derived alpha=5.37983939e-07; 2357505 Ewald samples.
direct COMPLETE RI=46.62893% field=19.00332% data=18.03625% converged=1
GP 1: data=0.030333 step=0.1968 projection=9.095e-05 CG=58 time=74.6s
GP 10: data=0.0060121 step=0.002429 projection=8.213e-05 CG=10 time=247.0s
GP 20: data=0.0036637 step=0.0009498 projection=9.385e-05 CG=7 time=363.4s
GP 30: data=0.002905 step=0.0006319 projection=9.986e-05 CG=6 time=460.5s
GP 40: data=0.0024056 step=0.0004607 projection=9.977e-05 CG=5 time=557.9s
GP 50: data=0.0020928 step=0.0003111 projection=9.693e-05 CG=5 time=647.9s
INVERSE_RUN linear_control source=matched padding=4 grid=[128 128 80] dx=0.1
Known object vs physical Rytov Ewald data: 1.674612%
Data-derived alpha=5.37983939e-07; 2357505 Ewald samples.
Reusing validated settings checkpoint /Users/jhlee/Documents/jhlee_forge/projects/mie-scatt-algorithm/inverse/results/linear_control_direct.mat
direct COMPLETE RI=46.62893% field=19.00332% data=18.03625% converged=1
GP 1: data=0.030332 step=0.1968 projection=9.094e-05 CG=58 time=10.3s
GP 10: data=0.0060121 step=0.002429 projection=8.213e-05 CG=10 time=30.9s
GP 20: data=0.0036637 step=0.0009498 projection=9.385e-05 CG=7 time=46.0s
GP 30: data=0.002905 step=0.0006319 projection=9.986e-05 CG=6 time=60.3s
GP 40: data=0.0024056 step=0.0004607 projection=9.977e-05 CG=5 time=76.0s
GP 50: data=0.0020928 step=0.0003111 projection=9.693e-05 CG=5 time=92.5s
GP 60: data=0.0019249 step=0.0002676 projection=8.935e-05 CG=5 time=109.9s
GP 70: data=0.0018006 step=0.0002347 projection=8.297e-05 CG=5 time=127.4s
GP 80: data=0.0016017 step=0.0001764 projection=9.651e-05 CG=4 time=142.6s
GP 90: data=0.0015228 step=0.0001611 projection=9.165e-05 CG=4 time=151.5s
GP 100: data=0.0014616 step=0.000148 projection=8.73e-05 CG=4 time=159.7s
gp COMPLETE RI=35.84457% field=1.69523% data=0.14616% converged=0
TV outer 1 inner 200: data=0.0048464 primal=3.726e-05 dual=0.0003932 time=224.7s
TV outer 2 inner 200: data=0.0050971 primal=5.425e-05 dual=0.00021 time=455.0s
TV outer 3 inner 200: data=0.0038328 primal=1.342e-05 dual=0.0001282 time=673.4s
TV outer 4 inner 200: data=0.0021872 primal=1.246e-05 dual=0.0001305 time=928.3s
TV outer 5 inner 200: data=0.001207 primal=9.798e-06 dual=0.000115 time=1163.3s
tv COMPLETE RI=19.82414% field=1.70238% data=0.12070% converged=0
    relative_ri_error    object_error    background_error    mean_object_n    relative_index_bias    axial_span_um    true_axial_span_um    axial_span_error    intersection_over_union     method      source      ewald_residual    physical_ewald_residual    physical_scattered_field_error    converged    inner_converged    iterations    outer_iterations    stationarity    seconds
    _________________    ____________    ________________    _____________    ___________________    _____________    __________________    ________________    _______________________    ________    _________    ______________    _______________________    ______________________________    _________    _______________    __________    ________________    ____________    _______

         0.46629           0.40882           0.22425            1.3356              -0.11539              4.3                5.9                -0.27119                0.86807            "direct"    "matched"        0.18036               0.18966                        0.19003                 true            true                0              0                    NaN     1.6572 
         0.35845           0.31953           0.16242            1.3357             -0.082992                8                5.9                 0.35593                0.87442            "gp"        "matched"      0.0014616              0.016514                       0.016952                 false           false             100              1                    NaN     159.82 
         0.19824           0.17101           0.10027            1.3357             -0.047254              5.6                5.9               -0.050847                0.96329            "tv"        "matched"       0.001207               0.01664                       0.017024                 false           false            1000              5             0.00011554     1163.3 

INVERSE_EXPERIMENT_PASS linear_control
INVERSE_RUN linear_control source=matched padding=4 grid=[128 128 80] dx=0.1
Known object vs physical Rytov Ewald data: 1.674612%
Data-derived alpha=5.37983939e-07; 2357505 Ewald samples.
Reusing validated settings checkpoint /Users/jhlee/Documents/jhlee_forge/projects/mie-scatt-algorithm/inverse/results/linear_control_direct.mat
direct COMPLETE RI=46.62893% field=19.00332% data=18.03625% converged=1
Reusing validated settings checkpoint /Users/jhlee/Documents/jhlee_forge/projects/mie-scatt-algorithm/inverse/results/linear_control_gp.mat
gp COMPLETE RI=35.84457% field=1.69523% data=0.14616% converged=0
Reusing validated settings checkpoint /Users/jhlee/Documents/jhlee_forge/projects/mie-scatt-algorithm/inverse/results/linear_control_tv.mat
tv COMPLETE RI=19.82414% field=1.70238% data=0.12070% converged=0
    axial_span_censored    axial_span_error    axial_span_um    background_error    converged    ewald_residual    inner_converged    intersection_over_union    iterations    mean_object_n     method     object_error    outer_iterations    physical_ewald_residual    physical_scattered_field_error    relative_index_bias    relative_ri_error    seconds     source      stationarity    true_axial_span_um
    ___________________    ________________    _____________    ________________    _________    ______________    _______________    _______________________    __________    _____________    ________    ____________    ________________    _______________________    ______________________________    ___________________    _________________    _______    _________    ____________    __________________

           false               -0.27119             4.3             0.22425           true           0.18036            true                  0.86807                  0          1.3356        "direct"      0.40882              0                    0.18966                        0.19003                     -0.11539              0.46629         1.6572     "matched"            NaN            5.9        
           true                 0.35593               8             0.16242           false        0.0014616            false                 0.87442                100          1.3357        "gp"          0.31953              1                   0.016514                       0.016952                    -0.082992              0.35845         159.82     "matched"            NaN            5.9        
           false              -0.050847             5.6             0.10027           false         0.001207            false                 0.96329               1000          1.3357        "tv"          0.17101              5                    0.01664                       0.017024                    -0.047254              0.19824         1163.3     "matched"     0.00011554            5.9        

INVERSE_EXPERIMENT_PASS linear_control
INVERSE_RUN linear_control source=matched padding=4 grid=[128 128 80] dx=0.1
Known object vs physical Rytov Ewald data: 1.674612%
Data-derived alpha=5.37983939e-07; 2357505 Ewald samples.
Reusing validated settings checkpoint /Users/jhlee/Documents/jhlee_forge/projects/mie-scatt-algorithm/inverse/results/linear_control_direct.mat
direct COMPLETE RI=46.62893% field=19.00332% data=18.03625% converged=1
Reusing validated settings checkpoint /Users/jhlee/Documents/jhlee_forge/projects/mie-scatt-algorithm/inverse/results/linear_control_gp.mat
gp COMPLETE RI=35.84457% field=1.69523% data=0.14616% converged=0
Reusing validated settings checkpoint /Users/jhlee/Documents/jhlee_forge/projects/mie-scatt-algorithm/inverse/results/linear_control_tv.mat
tv COMPLETE RI=19.82414% field=1.70238% data=0.12070% converged=0
    axial_span_censored    axial_span_error    axial_span_um    background_error    converged    ewald_residual    inner_converged    intersection_over_union    iterations    mean_object_n     method     object_error    outer_iterations    physical_ewald_residual    physical_scattered_field_error    relative_index_bias    relative_ri_error    seconds     source      stationarity    true_axial_span_um
    ___________________    ________________    _____________    ________________    _________    ______________    _______________    _______________________    __________    _____________    ________    ____________    ________________    _______________________    ______________________________    ___________________    _________________    _______    _________    ____________    __________________

           false               -0.27119             4.3             0.22425           true           0.18036            true                  0.86807                  0          1.3356        "direct"      0.40882              0                    0.18966                        0.19003                     -0.11539              0.46629         1.6572     "matched"            NaN            5.9        
           true                 0.35593               8             0.16242           false        0.0014616            false                 0.87442                100          1.3357        "gp"          0.31953              1                   0.016514                       0.016952                    -0.082992              0.35845         159.82     "matched"            NaN            5.9        
           false              -0.050847             5.6             0.10027           false         0.001207            false                 0.96329               1000          1.3357        "tv"          0.17101              5                    0.01664                       0.017024                    -0.047254              0.19824         1163.3     "matched"     0.00011554            5.9        

INVERSE_EXPERIMENT_PASS linear_control
