INVERSE_RUN tv_half source=exact padding=4 grid=[128 128 80] dx=0.1
Known object vs physical Rytov Ewald data: 1.674612%
Data-derived alpha=2.62126607e-07; 2357505 Ewald samples.
INVERSE_RUN tv_half source=exact padding=4 grid=[128 128 80] dx=0.1
Known object vs physical Rytov Ewald data: 1.674612%
Data-derived alpha=2.62126607e-07; 2357505 Ewald samples.
TV 1/100: data=0.0090518 primal=5.108e-05 dual=0.0005004 CG=2 time=92.1s
TV 1/200: data=0.0075813 primal=5.659e-05 dual=0.0002643 CG=1 time=160.0s
TV 1/300: data=0.0075094 primal=1.791e-05 dual=0.0001962 CG=1 time=223.4s
TV 1/400: data=0.0076714 primal=1.086e-05 dual=0.000162 CG=1 time=282.5s
TV 1/500: data=0.0078655 primal=1.41e-05 dual=0.0001355 CG=1 time=341.3s
TV 1/600: data=0.0080465 primal=9.681e-06 dual=0.0001152 CG=1 time=402.4s
TV outer 1 inner 690: data=0.0081851 primal=1.009e-05 dual=9.973e-05 time=457.4s
tv COMPLETE RI=28.15278% field=0.83144% data=0.81851% converged=1
    axial_span_censored    axial_span_error    axial_span_um    background_error    converged    ewald_residual    inner_converged    intersection_over_union    iterations    mean_object_n    method    object_error    outer_iterations    physical_ewald_residual    physical_scattered_field_error    relative_index_bias    relative_ri_error    seconds    source     stationarity    true_axial_span_um
    ___________________    ________________    _____________    ________________    _________    ______________    _______________    _______________________    __________    _____________    ______    ____________    ________________    _______________________    ______________________________    ___________________    _________________    _______    _______    ____________    __________________

           false                  0                 5.9             0.18389           true         0.0081851            true                  0.93956               690           1.3356         "tv"       0.21317              1                   0.0081851                     0.0083144                     -0.1009               0.28153         457.42     "exact"     9.9822e-05            5.9        

INVERSE_EXPERIMENT_PASS tv_half
INVERSE_RUN tv_half source=exact padding=4 grid=[128 128 80] dx=0.1
Known object vs physical Rytov Ewald data: 1.674612%
Data-derived alpha=2.62126607e-07; 2357505 Ewald samples.
Reusing validated settings checkpoint /Users/jhlee/Documents/jhlee_forge/projects/mie-scatt-algorithm/inverse/results/tv_half_tv.mat
tv COMPLETE RI=28.15278% field=0.83144% data=0.81851% converged=1
    axial_span_censored    axial_span_error    axial_span_um    background_error    converged    ewald_residual    inner_converged    intersection_over_union    iterations    mean_object_n    method    object_error    outer_iterations    physical_ewald_residual    physical_scattered_field_error    relative_index_bias    relative_ri_error    seconds    source     stationarity    true_axial_span_um
    ___________________    ________________    _____________    ________________    _________    ______________    _______________    _______________________    __________    _____________    ______    ____________    ________________    _______________________    ______________________________    ___________________    _________________    _______    _______    ____________    __________________

           false                  0                 5.9             0.18389           true         0.0081851            true                  0.93956               690           1.3356         "tv"       0.21317              1                   0.0081851                     0.0083144                     -0.1009               0.28153         457.42     "exact"     9.9822e-05            5.9        

INVERSE_EXPERIMENT_PASS tv_half
