INVERSE_RUN tv_penalty source=exact padding=4 grid=[128 128 80] dx=0.1
Known object vs physical Rytov Ewald data: 1.674612%
Data-derived alpha=5.24253214e-07; 2357505 Ewald samples.
TV 1/100: data=0.010977 primal=0.0009146 dual=6.936e-05 CG=4 time=149.8s
TV 1/200: data=0.01094 primal=0.0001633 dual=1.761e-05 CG=4 time=239.1s
TV outer 1 inner 239: data=0.010938 primal=9.975e-05 dual=9.642e-06 time=271.3s
TV 2/100: data=0.0075323 primal=0.0002208 dual=4.224e-05 CG=3 time=381.1s
TV outer 2 inner 182: data=0.0073949 primal=9.693e-05 dual=1.656e-05 time=461.1s
tv COMPLETE RI=19.55013% field=0.74688% data=0.73949% converged=1
    axial_span_censored    axial_span_error    axial_span_um    background_error    converged    ewald_residual    inner_converged    intersection_over_union    iterations    mean_object_n    method    object_error    outer_iterations    physical_ewald_residual    physical_scattered_field_error    relative_index_bias    relative_ri_error    seconds    source     stationarity    true_axial_span_um
    ___________________    ________________    _____________    ________________    _________    ______________    _______________    _______________________    __________    _____________    ______    ____________    ________________    _______________________    ______________________________    ___________________    _________________    _______    _______    ____________    __________________

           false              -0.033898             5.7             0.12901           true         0.0073949            true                  0.96985               421           1.3357         "tv"       0.14689              2                   0.0073949                     0.0074688                    -0.052547              0.1955           461.2     "exact"     2.0926e-05            5.9        

INVERSE_EXPERIMENT_PASS tv_penalty
INVERSE_RUN tv_penalty source=exact padding=4 grid=[128 128 80] dx=0.1
Known object vs physical Rytov Ewald data: 1.674612%
Data-derived alpha=5.24253214e-07; 2357505 Ewald samples.
Reusing validated settings checkpoint /Users/jhlee/Documents/jhlee_forge/projects/mie-scatt-algorithm/inverse/results/tv_penalty_tv.mat
tv COMPLETE RI=19.55013% field=0.74688% data=0.73949% converged=1
    axial_span_censored    axial_span_error    axial_span_um    background_error    converged    ewald_residual    inner_converged    intersection_over_union    iterations    mean_object_n    method    object_error    outer_iterations    physical_ewald_residual    physical_scattered_field_error    relative_index_bias    relative_ri_error    seconds    source     stationarity    true_axial_span_um
    ___________________    ________________    _____________    ________________    _________    ______________    _______________    _______________________    __________    _____________    ______    ____________    ________________    _______________________    ______________________________    ___________________    _________________    _______    _______    ____________    __________________

           false              -0.033898             5.7             0.12901           true         0.0073949            true                  0.96985               421           1.3357         "tv"       0.14689              2                   0.0073949                     0.0074688                    -0.052547              0.1955           461.2     "exact"     2.0926e-05            5.9        

INVERSE_EXPERIMENT_PASS tv_penalty
