Ewald scaling, Born/Rytov, reference and NA checks: PASS
rytov: NA_det=0.55, NA_illum=0.5, 13 angles, detector z=2.6 um
Physical post-pupil data; matched trilinear Ewald operator, 481 samples.
     method     relative_ri_error    mean_object_n    axial_half_contrast_span_um    raw_sample_residual     seconds     converged
    ________    _________________    _____________    ___________________________    ___________________    _________    _________

    "direct"         0.51104            1.3357                    1.5                     0.060887          0.0067571      true   
    "gp"             0.40861            1.3356                    1.5                     0.011661            0.10442      false  
    "tv"              0.3825            1.3356                    1.5                     0.010583            0.73938      false  

inverse/tests/run_all: PASS
Matched adjoint/forward, analytic TV and Lim reinjection: PASS
Exact detector N=64 dx=0.2 phi=0: 1 directions, 0.2s
Exact detector N=512 dx=0.1 phi=45: 1 directions, 1.2s
Independent exact measurement and physical Born/Rytov prediction: PASS
CODE_ANALYZER: 0 issues across 12 MATLAB files
INVERSE_FINAL_VERIFICATION_PASS
Ewald scaling, Born/Rytov, reference and NA checks: PASS
rytov: NA_det=0.55, NA_illum=0.5, 13 angles, detector z=2.6 um
Physical post-pupil data; matched trilinear Ewald operator, 481 samples.
     method     relative_ri_error    mean_object_n    axial_half_contrast_span_um    raw_sample_residual     seconds     converged
    ________    _________________    _____________    ___________________________    ___________________    _________    _________

    "direct"         0.51104            1.3357                    1.5                     0.060887          0.0061032      true   
    "gp"             0.40861            1.3356                    1.5                     0.011661           0.083957      false  
    "tv"              0.3825            1.3356                    1.5                     0.010583            0.62412      false  

inverse/tests/run_all: PASS
Matched adjoint/forward, analytic TV and Lim reinjection: PASS
Exact detector N=64 dx=0.2 phi=0: 1 directions, 0.2s
Exact detector N=512 dx=0.1 phi=45: 1 directions, 1.0s
Independent exact measurement and physical Born/Rytov prediction: PASS
CODE_ANALYZER: 0 issues across 12 MATLAB files
INVERSE_FINAL_VERIFICATION_PASS
