
                            < M A T L A B (R) >
                  Copyright 1984-2024 The MathWorks, Inc.
              R2024a Update 9 (24.1.0.3303086) 64-bit (maca64)
                               June 22, 2026

Undefined function 'desktop' for input arguments of type 'char'.
[Warning: MATLAB did not appear to successfully set the search path. To recover
for this session of MATLAB, type "restoredefaultpath;matlabrc". To find out how
to avoid this warning the next time you start MATLAB, type "docsearch problem
path" after recovering for this session.] 
Reference L=114 M=59 mu=0 elapsed=1.0s
Reference L=114 M=59 mu=1 elapsed=1.8s
Reference L=114 M=59 mu=2 elapsed=2.5s
Reference L=114 M=59 mu=3 elapsed=3.3s
Reference L=114 M=59 mu=4 elapsed=4.0s
Reference L=114 M=59 mu=5 elapsed=4.7s
Reference L=114 M=59 mu=6 elapsed=5.4s
Reference L=114 M=59 mu=7 elapsed=6.1s
Reference L=114 M=59 mu=8 elapsed=6.8s
Reference L=114 M=59 mu=9 elapsed=7.5s
Reference L=114 M=59 mu=10 elapsed=8.5s
Reference L=114 M=59 mu=11 elapsed=9.2s
Reference L=114 M=59 mu=12 elapsed=9.9s
Reference L=114 M=59 mu=13 elapsed=10.6s
Reference L=114 M=59 mu=14 elapsed=11.3s
Reference L=114 M=59 mu=15 elapsed=11.9s
Reference L=114 M=59 mu=16 elapsed=12.7s
Reference L=114 M=59 mu=17 elapsed=13.3s
Reference L=114 M=59 mu=18 elapsed=14.0s
Reference L=114 M=59 mu=19 elapsed=14.7s
Reference L=114 M=59 mu=20 elapsed=15.4s
Reference L=114 M=59 mu=21 elapsed=16.0s
Reference L=114 M=59 mu=22 elapsed=16.7s
Reference L=114 M=59 mu=23 elapsed=17.4s
Reference L=114 M=59 mu=24 elapsed=18.1s
Reference L=114 M=59 mu=25 elapsed=18.8s
Reference L=114 M=59 mu=26 elapsed=19.5s
Reference L=114 M=59 mu=27 elapsed=20.1s
Reference L=114 M=59 mu=28 elapsed=20.7s
Reference L=114 M=59 mu=29 elapsed=21.4s
Reference L=114 M=59 mu=30 elapsed=22.0s
Reference L=114 M=59 mu=31 elapsed=22.5s
Reference L=114 M=59 mu=32 elapsed=23.1s
Reference L=114 M=59 mu=33 elapsed=23.6s
Reference L=114 M=59 mu=34 elapsed=24.2s
Reference L=114 M=59 mu=35 elapsed=24.7s
Reference L=114 M=59 mu=36 elapsed=25.2s
Reference L=114 M=59 mu=37 elapsed=25.7s
Reference L=114 M=59 mu=38 elapsed=26.2s
Reference L=114 M=59 mu=39 elapsed=26.8s
Reference L=114 M=59 mu=40 elapsed=27.4s
Reference L=114 M=59 mu=41 elapsed=27.9s
Reference L=114 M=59 mu=42 elapsed=28.5s
Reference L=114 M=59 mu=43 elapsed=29.1s
Reference L=114 M=59 mu=44 elapsed=29.6s
Reference L=114 M=59 mu=45 elapsed=30.2s
Reference L=114 M=59 mu=46 elapsed=30.7s
Reference L=114 M=59 mu=47 elapsed=31.3s
Reference L=114 M=59 mu=48 elapsed=31.7s
Reference L=114 M=59 mu=49 elapsed=32.3s
Reference L=114 M=59 mu=50 elapsed=32.8s
Reference L=114 M=59 mu=51 elapsed=33.3s
Reference L=114 M=59 mu=52 elapsed=33.7s
Reference L=114 M=59 mu=53 elapsed=34.4s
Reference L=114 M=59 mu=54 elapsed=34.9s
Reference L=114 M=59 mu=55 elapsed=35.4s
Reference L=114 M=59 mu=56 elapsed=35.8s
Reference L=114 M=59 mu=57 elapsed=36.3s
Reference L=114 M=59 mu=58 elapsed=36.7s
Reference L=114 M=59 mu=59 elapsed=37.2s
BATCH_BOUNDARY_PASS vector=2.15e-12 scalar=1.12e-12 time=37.2s
NEAR_FIELDS 1000/35376 vector=1 gradient=0
NEAR_FIELDS 6000/35376 vector=1 gradient=0
NEAR_FIELDS 11000/35376 vector=1 gradient=0
NEAR_FIELDS 16000/35376 vector=1 gradient=0
NEAR_FIELDS 21000/35376 vector=1 gradient=0
NEAR_FIELDS 26000/35376 vector=1 gradient=0
NEAR_FIELDS 31000/35376 vector=1 gradient=0
NEAR_FIELDS 35376/35376 vector=1 gradient=0
Reference L=109 M=55 mu=0 elapsed=0.8s
Reference L=109 M=55 mu=1 elapsed=1.8s
Reference L=109 M=55 mu=2 elapsed=2.7s
Reference L=109 M=55 mu=3 elapsed=3.6s
Reference L=109 M=55 mu=4 elapsed=4.4s
Reference L=109 M=55 mu=5 elapsed=5.2s
Reference L=109 M=55 mu=6 elapsed=5.9s
Reference L=109 M=55 mu=7 elapsed=6.7s
Reference L=109 M=55 mu=8 elapsed=7.5s
Reference L=109 M=55 mu=9 elapsed=8.2s
Reference L=109 M=55 mu=10 elapsed=8.9s
Reference L=109 M=55 mu=11 elapsed=9.6s
Reference L=109 M=55 mu=12 elapsed=10.4s
Reference L=109 M=55 mu=13 elapsed=11.2s
Reference L=109 M=55 mu=14 elapsed=11.9s
Reference L=109 M=55 mu=15 elapsed=12.8s
Reference L=109 M=55 mu=16 elapsed=13.6s
Reference L=109 M=55 mu=17 elapsed=14.4s
Reference L=109 M=55 mu=18 elapsed=15.2s
Reference L=109 M=55 mu=19 elapsed=16.0s
Reference L=109 M=55 mu=20 elapsed=16.8s
Reference L=109 M=55 mu=21 elapsed=17.5s
Reference L=109 M=55 mu=22 elapsed=18.2s
Reference L=109 M=55 mu=23 elapsed=19.0s
Reference L=109 M=55 mu=24 elapsed=19.9s
Reference L=109 M=55 mu=25 elapsed=20.5s
Reference L=109 M=55 mu=26 elapsed=21.1s
Reference L=109 M=55 mu=27 elapsed=21.8s
Reference L=109 M=55 mu=28 elapsed=22.5s
Reference L=109 M=55 mu=29 elapsed=23.1s
Reference L=109 M=55 mu=30 elapsed=23.8s
Reference L=109 M=55 mu=31 elapsed=24.3s
Reference L=109 M=55 mu=32 elapsed=25.0s
Reference L=109 M=55 mu=33 elapsed=25.6s
Reference L=109 M=55 mu=34 elapsed=26.2s
Reference L=109 M=55 mu=35 elapsed=26.8s
Reference L=109 M=55 mu=36 elapsed=27.4s
Reference L=109 M=55 mu=37 elapsed=28.1s
Reference L=109 M=55 mu=38 elapsed=28.7s
Reference L=109 M=55 mu=39 elapsed=29.3s
Reference L=109 M=55 mu=40 elapsed=29.8s
Reference L=109 M=55 mu=41 elapsed=30.4s
Reference L=109 M=55 mu=42 elapsed=31.1s
Reference L=109 M=55 mu=43 elapsed=31.7s
Reference L=109 M=55 mu=44 elapsed=32.3s
Reference L=109 M=55 mu=45 elapsed=32.9s
Reference L=109 M=55 mu=46 elapsed=33.4s
Reference L=109 M=55 mu=47 elapsed=34.0s
Reference L=109 M=55 mu=48 elapsed=34.5s
Reference L=109 M=55 mu=49 elapsed=35.0s
Reference L=109 M=55 mu=50 elapsed=35.6s
Reference L=109 M=55 mu=51 elapsed=36.1s
Reference L=109 M=55 mu=52 elapsed=36.6s
Reference L=109 M=55 mu=53 elapsed=37.2s
Reference L=109 M=55 mu=54 elapsed=37.8s
Reference L=109 M=55 mu=55 elapsed=38.3s
BATCH_BOUNDARY_PASS vector=1.97e-12 scalar=9.82e-13 time=38.3s
NEAR_FIELDS 257/257 vector=1 gradient=0
SCALED_REFERENCE t=0.005 residual=4.9e-13 elapsed=8.6s
SCALED_REFERENCE t=-0.005 residual=1.82e-12 elapsed=8.3s
NEAR_FIELDS 1000/28022 vector=0 gradient=0
NEAR_FIELDS 6000/28022 vector=0 gradient=0
NEAR_FIELDS 11000/28022 vector=0 gradient=0
NEAR_FIELDS 16000/28022 vector=0 gradient=0
NEAR_FIELDS 21000/28022 vector=0 gradient=0
NEAR_FIELDS 26000/28022 vector=0 gradient=0
NEAR_FIELDS 1000/7354 vector=0 gradient=0
NEAR_FIELDS 6000/7354 vector=0 gradient=0
NEAR_FIELDS 1000/7354 vector=0 gradient=0
NEAR_FIELDS 6000/7354 vector=0 gradient=0
NEAR_FIELDS 8/8 vector=0 gradient=0
NEAR_FIELDS 8/8 vector=0 gradient=0
SCALED_REFERENCE t=0.01 residual=9.6e-13 elapsed=7.5s
SCALED_REFERENCE t=-0.01 residual=1.01e-12 elapsed=7.4s
NEAR_FIELDS 8/8 vector=0 gradient=0
NEAR_FIELDS 8/8 vector=0 gradient=0
    vector_scattered_cutoff    scalar_scattered_cutoff    born_step_gap    born_surface_gap
    _______________________    _______________________    _____________    ________________

          3.5363e-11                 6.5428e-11            7.2766e-09         1.0121e-08   

LOW_CONTRAST_XZ_PASS rows=35376 angles=5
