
                            < M A T L A B (R) >
                  Copyright 1984-2024 The MathWorks, Inc.
              R2024a Update 9 (24.1.0.3303086) 64-bit (maca64)
                               June 22, 2026

Undefined function 'desktop' for input arguments of type 'char'.
[Warning: MATLAB did not appear to successfully set the search path. To recover
for this session of MATLAB, type "restoredefaultpath;matlabrc". To find out how
to avoid this warning the next time you start MATLAB, type "docsearch problem
path" after recovering for this session.] 
Reference L=18 M=12 mu=0 elapsed=0.4s
Reference L=18 M=12 mu=1 elapsed=0.6s
Reference L=18 M=12 mu=2 elapsed=0.7s
Reference L=18 M=12 mu=3 elapsed=0.9s
Reference L=18 M=12 mu=4 elapsed=1.0s
Reference L=18 M=12 mu=5 elapsed=1.1s
Reference L=18 M=12 mu=6 elapsed=1.2s
Reference L=18 M=12 mu=7 elapsed=1.4s
Reference L=18 M=12 mu=8 elapsed=1.4s
Reference L=18 M=12 mu=9 elapsed=1.5s
Reference L=18 M=12 mu=10 elapsed=1.6s
Reference L=18 M=12 mu=11 elapsed=1.7s
Reference L=18 M=12 mu=12 elapsed=1.7s
BATCH_BOUNDARY_PASS vector=3.58e-08 scalar=7.6e-16 time=1.7s
OBLATE_IMPLEMENTATION_CHECKS_PASS public_far_gap=1.24e-10
DETECTOR case=1 N=512 dx=0.1 NAi=0.00 phi=0 scalar B/R=89.04710/9.89017% co=89.08402/9.86890%
DETECTOR case=1 N=512 dx=0.1 NAi=0.05 phi=0 scalar B/R=89.08400/9.90369% co=89.12325/9.88323%
DETECTOR case=1 N=512 dx=0.1 NAi=0.10 phi=0 scalar B/R=89.21413/9.94050% co=89.25164/9.92082%
DETECTOR case=1 N=512 dx=0.1 NAi=0.15 phi=0 scalar B/R=89.42539/10.00024% co=89.46387/9.98143%
DETECTOR case=1 N=512 dx=0.1 NAi=0.20 phi=0 scalar B/R=89.72810/10.08340% co=89.76614/10.06568%
DETECTOR case=1 N=512 dx=0.1 NAi=0.25 phi=0 scalar B/R=90.12082/10.19109% co=90.15875/10.17461%
DETECTOR case=1 N=512 dx=0.1 NAi=0.30 phi=0 scalar B/R=90.60796/10.32674% co=90.64571/10.31144%
DETECTOR case=1 N=512 dx=0.1 NAi=0.35 phi=0 scalar B/R=91.19393/10.49518% co=91.23164/10.48074%
DETECTOR case=1 N=512 dx=0.1 NAi=0.40 phi=0 scalar B/R=91.88505/10.69592% co=91.92240/10.68273%
DETECTOR case=1 N=512 dx=0.1 NAi=0.45 phi=0 scalar B/R=92.68782/10.93050% co=92.72482/10.91968%
DETECTOR case=1 N=512 dx=0.1 NAi=0.50 phi=0 scalar B/R=93.61085/11.19866% co=93.64753/11.19169%
DETECTOR case=1 N=512 dx=0.1 NAi=0.05 phi=45 scalar B/R=89.08399/9.90362% co=89.12276/9.88340%
DETECTOR case=1 N=512 dx=0.1 NAi=0.10 phi=45 scalar B/R=89.21413/9.94042% co=89.25197/9.92050%
DETECTOR case=1 N=512 dx=0.1 NAi=0.15 phi=45 scalar B/R=89.42539/10.00036% co=89.46375/9.98097%
DETECTOR case=1 N=512 dx=0.1 NAi=0.20 phi=45 scalar B/R=89.72811/10.08358% co=89.76622/10.06483%
DETECTOR case=1 N=512 dx=0.1 NAi=0.25 phi=45 scalar B/R=90.12083/10.19092% co=90.15885/10.17314%
DETECTOR case=1 N=512 dx=0.1 NAi=0.30 phi=45 scalar B/R=90.60795/10.32677% co=90.64586/10.30980%
DETECTOR case=1 N=512 dx=0.1 NAi=0.35 phi=45 scalar B/R=91.19393/10.49517% co=91.23176/10.47899%
DETECTOR case=1 N=512 dx=0.1 NAi=0.40 phi=45 scalar B/R=91.88503/10.69590% co=91.92264/10.68039%
DETECTOR case=1 N=512 dx=0.1 NAi=0.45 phi=45 scalar B/R=92.68784/10.93022% co=92.72519/10.91630%
DETECTOR case=1 N=512 dx=0.1 NAi=0.50 phi=45 scalar B/R=93.61082/11.19793% co=93.64791/11.18651%
DETECTOR case=1 N=512 dx=0.1 NAi=0.05 phi=90 scalar B/R=89.08400/9.90369% co=89.12229/9.88353%
DETECTOR case=1 N=512 dx=0.1 NAi=0.10 phi=90 scalar B/R=89.21413/9.94050% co=89.25230/9.92030%
DETECTOR case=1 N=512 dx=0.1 NAi=0.15 phi=90 scalar B/R=89.42539/10.00024% co=89.46362/9.98028%
DETECTOR case=1 N=512 dx=0.1 NAi=0.20 phi=90 scalar B/R=89.72810/10.08340% co=89.76627/10.06371%
DETECTOR case=1 N=512 dx=0.1 NAi=0.25 phi=90 scalar B/R=90.12082/10.19109% co=90.15894/10.17193%
DETECTOR case=1 N=512 dx=0.1 NAi=0.30 phi=90 scalar B/R=90.60796/10.32674% co=90.64602/10.30814%
DETECTOR case=1 N=512 dx=0.1 NAi=0.35 phi=90 scalar B/R=91.19393/10.49518% co=91.23189/10.47712%
DETECTOR case=1 N=512 dx=0.1 NAi=0.40 phi=90 scalar B/R=91.88505/10.69592% co=91.92290/10.67811%
DETECTOR case=1 N=512 dx=0.1 NAi=0.45 phi=90 scalar B/R=92.68782/10.93050% co=92.72553/10.91334%
DETECTOR case=1 N=512 dx=0.1 NAi=0.50 phi=90 scalar B/R=93.61085/11.19866% co=93.64836/11.18263%
DETECTOR case=1 N=512 dx=0.1 NAi=0.05 phi=135 scalar B/R=89.08399/9.90362% co=89.12276/9.88340%
DETECTOR case=1 N=512 dx=0.1 NAi=0.10 phi=135 scalar B/R=89.21413/9.94042% co=89.25197/9.92050%
DETECTOR case=1 N=512 dx=0.1 NAi=0.15 phi=135 scalar B/R=89.42539/10.00036% co=89.46375/9.98097%
DETECTOR case=1 N=512 dx=0.1 NAi=0.20 phi=135 scalar B/R=89.72811/10.08358% co=89.76622/10.06483%
DETECTOR case=1 N=512 dx=0.1 NAi=0.25 phi=135 scalar B/R=90.12083/10.19092% co=90.15885/10.17314%
DETECTOR case=1 N=512 dx=0.1 NAi=0.30 phi=135 scalar B/R=90.60795/10.32677% co=90.64586/10.30980%
DETECTOR case=1 N=512 dx=0.1 NAi=0.35 phi=135 scalar B/R=91.19393/10.49517% co=91.23176/10.47899%
DETECTOR case=1 N=512 dx=0.1 NAi=0.40 phi=135 scalar B/R=91.88503/10.69590% co=91.92264/10.68039%
DETECTOR case=1 N=512 dx=0.1 NAi=0.45 phi=135 scalar B/R=92.68784/10.93022% co=92.72519/10.91630%
DETECTOR case=1 N=512 dx=0.1 NAi=0.50 phi=135 scalar B/R=93.61082/11.19793% co=93.64791/11.18651%
DETECTOR case=1 N=512 dx=0.1 NAi=0.05 phi=180 scalar B/R=89.08400/9.90369% co=89.12325/9.88323%
DETECTOR case=1 N=512 dx=0.1 NAi=0.10 phi=180 scalar B/R=89.21413/9.94050% co=89.25164/9.92082%
DETECTOR case=1 N=512 dx=0.1 NAi=0.15 phi=180 scalar B/R=89.42539/10.00024% co=89.46387/9.98143%
DETECTOR case=1 N=512 dx=0.1 NAi=0.20 phi=180 scalar B/R=89.72810/10.08340% co=89.76614/10.06568%
DETECTOR case=1 N=512 dx=0.1 NAi=0.25 phi=180 scalar B/R=90.12082/10.19109% co=90.15875/10.17461%
DETECTOR case=1 N=512 dx=0.1 NAi=0.30 phi=180 scalar B/R=90.60796/10.32674% co=90.64571/10.31144%
DETECTOR case=1 N=512 dx=0.1 NAi=0.35 phi=180 scalar B/R=91.19393/10.49518% co=91.23164/10.48074%
DETECTOR case=1 N=512 dx=0.1 NAi=0.40 phi=180 scalar B/R=91.88505/10.69592% co=91.92240/10.68273%
DETECTOR case=1 N=512 dx=0.1 NAi=0.45 phi=180 scalar B/R=92.68782/10.93050% co=92.72482/10.91968%
DETECTOR case=1 N=512 dx=0.1 NAi=0.50 phi=180 scalar B/R=93.61085/11.19866% co=93.64753/11.19169%
DETECTOR case=1 N=512 dx=0.1 NAi=0.05 phi=225 scalar B/R=89.08399/9.90362% co=89.12276/9.88340%
DETECTOR case=1 N=512 dx=0.1 NAi=0.10 phi=225 scalar B/R=89.21413/9.94042% co=89.25197/9.92050%
DETECTOR case=1 N=512 dx=0.1 NAi=0.15 phi=225 scalar B/R=89.42539/10.00036% co=89.46375/9.98097%
DETECTOR case=1 N=512 dx=0.1 NAi=0.20 phi=225 scalar B/R=89.72811/10.08358% co=89.76622/10.06483%
DETECTOR case=1 N=512 dx=0.1 NAi=0.25 phi=225 scalar B/R=90.12083/10.19092% co=90.15885/10.17314%
DETECTOR case=1 N=512 dx=0.1 NAi=0.30 phi=225 scalar B/R=90.60795/10.32677% co=90.64586/10.30980%
DETECTOR case=1 N=512 dx=0.1 NAi=0.35 phi=225 scalar B/R=91.19393/10.49517% co=91.23176/10.47899%
DETECTOR case=1 N=512 dx=0.1 NAi=0.40 phi=225 scalar B/R=91.88503/10.69590% co=91.92264/10.68039%
DETECTOR case=1 N=512 dx=0.1 NAi=0.45 phi=225 scalar B/R=92.68784/10.93022% co=92.72519/10.91630%
DETECTOR case=1 N=512 dx=0.1 NAi=0.50 phi=225 scalar B/R=93.61082/11.19793% co=93.64791/11.18651%
DETECTOR case=1 N=512 dx=0.1 NAi=0.05 phi=270 scalar B/R=89.08400/9.90369% co=89.12229/9.88353%
DETECTOR case=1 N=512 dx=0.1 NAi=0.10 phi=270 scalar B/R=89.21413/9.94050% co=89.25230/9.92030%
DETECTOR case=1 N=512 dx=0.1 NAi=0.15 phi=270 scalar B/R=89.42539/10.00024% co=89.46362/9.98028%
DETECTOR case=1 N=512 dx=0.1 NAi=0.20 phi=270 scalar B/R=89.72810/10.08340% co=89.76627/10.06371%
DETECTOR case=1 N=512 dx=0.1 NAi=0.25 phi=270 scalar B/R=90.12082/10.19109% co=90.15894/10.17193%
DETECTOR case=1 N=512 dx=0.1 NAi=0.30 phi=270 scalar B/R=90.60796/10.32674% co=90.64602/10.30814%
DETECTOR case=1 N=512 dx=0.1 NAi=0.35 phi=270 scalar B/R=91.19393/10.49518% co=91.23189/10.47712%
DETECTOR case=1 N=512 dx=0.1 NAi=0.40 phi=270 scalar B/R=91.88505/10.69592% co=91.92290/10.67811%
DETECTOR case=1 N=512 dx=0.1 NAi=0.45 phi=270 scalar B/R=92.68782/10.93050% co=92.72553/10.91334%
DETECTOR case=1 N=512 dx=0.1 NAi=0.50 phi=270 scalar B/R=93.61085/11.19866% co=93.64836/11.18263%
DETECTOR case=1 N=512 dx=0.1 NAi=0.05 phi=315 scalar B/R=89.08399/9.90362% co=89.12276/9.88340%
DETECTOR case=1 N=512 dx=0.1 NAi=0.10 phi=315 scalar B/R=89.21413/9.94042% co=89.25197/9.92050%
DETECTOR case=1 N=512 dx=0.1 NAi=0.15 phi=315 scalar B/R=89.42539/10.00036% co=89.46375/9.98097%
DETECTOR case=1 N=512 dx=0.1 NAi=0.20 phi=315 scalar B/R=89.72811/10.08358% co=89.76622/10.06483%
DETECTOR case=1 N=512 dx=0.1 NAi=0.25 phi=315 scalar B/R=90.12083/10.19092% co=90.15885/10.17314%
DETECTOR case=1 N=512 dx=0.1 NAi=0.30 phi=315 scalar B/R=90.60795/10.32677% co=90.64586/10.30980%
DETECTOR case=1 N=512 dx=0.1 NAi=0.35 phi=315 scalar B/R=91.19393/10.49517% co=91.23176/10.47899%
DETECTOR case=1 N=512 dx=0.1 NAi=0.40 phi=315 scalar B/R=91.88503/10.69590% co=91.92264/10.68039%
DETECTOR case=1 N=512 dx=0.1 NAi=0.45 phi=315 scalar B/R=92.68784/10.93022% co=92.72519/10.91630%
DETECTOR case=1 N=512 dx=0.1 NAi=0.50 phi=315 scalar B/R=93.61082/11.19793% co=93.64791/11.18651%
DETECTOR case=1 N=512 dx=0.1 NAi=0.00 phi=0 scalar B/R=89.04710/9.89017% co=89.08402/9.86890%
DETECTOR case=1 N=512 dx=0.1 NAi=0.25 phi=0 scalar B/R=90.12082/10.19109% co=90.15875/10.17461%
DETECTOR case=1 N=512 dx=0.1 NAi=0.50 phi=0 scalar B/R=93.61085/11.19866% co=93.64753/11.19169%
DETECTOR case=1 N=512 dx=0.1 NAi=0.25 phi=45 scalar B/R=90.12083/10.19092% co=90.15885/10.17314%
DETECTOR case=1 N=512 dx=0.1 NAi=0.50 phi=45 scalar B/R=93.61082/11.19793% co=93.64791/11.18651%
DETECTOR case=1 N=512 dx=0.1 NAi=0.25 phi=90 scalar B/R=90.12082/10.19109% co=90.15894/10.17193%
DETECTOR case=1 N=512 dx=0.1 NAi=0.50 phi=90 scalar B/R=93.61085/11.19866% co=93.64836/11.18263%
DETECTOR case=1 N=1024 dx=0.05 NAi=0.00 phi=0 scalar B/R=89.04710/9.89017% co=89.08402/9.86890%
DETECTOR case=1 N=1024 dx=0.05 NAi=0.25 phi=0 scalar B/R=90.12082/10.19109% co=90.15875/10.17461%
DETECTOR case=1 N=1024 dx=0.05 NAi=0.50 phi=0 scalar B/R=93.61085/11.19866% co=93.64753/11.19169%
DETECTOR case=1 N=1024 dx=0.05 NAi=0.25 phi=45 scalar B/R=90.12083/10.19092% co=90.15885/10.17314%
DETECTOR case=1 N=1024 dx=0.05 NAi=0.50 phi=45 scalar B/R=93.61082/11.19793% co=93.64791/11.18651%
DETECTOR case=1 N=1024 dx=0.05 NAi=0.25 phi=90 scalar B/R=90.12082/10.19109% co=90.15894/10.17193%
DETECTOR case=1 N=1024 dx=0.05 NAi=0.50 phi=90 scalar B/R=93.61085/11.19866% co=93.64836/11.18263%
DETECTOR case=1 N=1024 dx=0.1 NAi=0.00 phi=0 scalar B/R=89.04710/9.88986% co=89.08402/9.86858%
DETECTOR case=1 N=1024 dx=0.1 NAi=0.25 phi=0 scalar B/R=90.12082/10.19095% co=90.15875/10.17449%
DETECTOR case=1 N=1024 dx=0.1 NAi=0.50 phi=0 scalar B/R=93.61082/11.19828% co=93.64750/11.19139%
DETECTOR case=1 N=1024 dx=0.1 NAi=0.25 phi=45 scalar B/R=90.12082/10.19091% co=90.15885/10.17310%
DETECTOR case=1 N=1024 dx=0.1 NAi=0.50 phi=45 scalar B/R=93.61082/11.19832% co=93.64792/11.18692%
DETECTOR case=1 N=1024 dx=0.1 NAi=0.25 phi=90 scalar B/R=90.12082/10.19095% co=90.15894/10.17179%
DETECTOR case=1 N=1024 dx=0.1 NAi=0.50 phi=90 scalar B/R=93.61082/11.19828% co=93.64834/11.18226%
CASE_COMPLETE project=contrast case=1 factor=1
Reference L=114 M=59 mu=0 elapsed=1.4s
Reference L=114 M=59 mu=1 elapsed=3.1s
Reference L=114 M=59 mu=2 elapsed=4.8s
Reference L=114 M=59 mu=3 elapsed=6.0s
Reference L=114 M=59 mu=4 elapsed=7.7s
Reference L=114 M=59 mu=5 elapsed=9.3s
Reference L=114 M=59 mu=6 elapsed=10.8s
Reference L=114 M=59 mu=7 elapsed=12.6s
Reference L=114 M=59 mu=8 elapsed=14.4s
Reference L=114 M=59 mu=9 elapsed=16.6s
Reference L=114 M=59 mu=10 elapsed=18.5s
Reference L=114 M=59 mu=11 elapsed=20.6s
Reference L=114 M=59 mu=12 elapsed=22.4s
Reference L=114 M=59 mu=13 elapsed=24.7s
Reference L=114 M=59 mu=14 elapsed=26.9s
Reference L=114 M=59 mu=15 elapsed=29.0s
Reference L=114 M=59 mu=16 elapsed=30.7s
Reference L=114 M=59 mu=17 elapsed=32.2s
Reference L=114 M=59 mu=18 elapsed=33.7s
Reference L=114 M=59 mu=19 elapsed=35.2s
Reference L=114 M=59 mu=20 elapsed=36.6s
Reference L=114 M=59 mu=21 elapsed=37.7s
Reference L=114 M=59 mu=22 elapsed=38.4s
Reference L=114 M=59 mu=23 elapsed=39.1s
Reference L=114 M=59 mu=24 elapsed=39.8s
Reference L=114 M=59 mu=25 elapsed=40.5s
Reference L=114 M=59 mu=26 elapsed=41.1s
Reference L=114 M=59 mu=27 elapsed=41.9s
Reference L=114 M=59 mu=28 elapsed=42.6s
Reference L=114 M=59 mu=29 elapsed=43.3s
Reference L=114 M=59 mu=30 elapsed=44.1s
Reference L=114 M=59 mu=31 elapsed=44.8s
Reference L=114 M=59 mu=32 elapsed=45.6s
Reference L=114 M=59 mu=33 elapsed=46.2s
Reference L=114 M=59 mu=34 elapsed=46.8s
Reference L=114 M=59 mu=35 elapsed=47.5s
Reference L=114 M=59 mu=36 elapsed=48.2s
Reference L=114 M=59 mu=37 elapsed=48.9s
Reference L=114 M=59 mu=38 elapsed=49.6s
Reference L=114 M=59 mu=39 elapsed=50.2s
Reference L=114 M=59 mu=40 elapsed=50.9s
Reference L=114 M=59 mu=41 elapsed=51.6s
Reference L=114 M=59 mu=42 elapsed=52.5s
Reference L=114 M=59 mu=43 elapsed=53.1s
Reference L=114 M=59 mu=44 elapsed=53.7s
Reference L=114 M=59 mu=45 elapsed=54.3s
Reference L=114 M=59 mu=46 elapsed=54.9s
Reference L=114 M=59 mu=47 elapsed=55.5s
Reference L=114 M=59 mu=48 elapsed=56.1s
Reference L=114 M=59 mu=49 elapsed=56.8s
Reference L=114 M=59 mu=50 elapsed=57.3s
Reference L=114 M=59 mu=51 elapsed=57.9s
Reference L=114 M=59 mu=52 elapsed=58.4s
Reference L=114 M=59 mu=53 elapsed=58.9s
Reference L=114 M=59 mu=54 elapsed=59.5s
Reference L=114 M=59 mu=55 elapsed=60.0s
Reference L=114 M=59 mu=56 elapsed=60.6s
Reference L=114 M=59 mu=57 elapsed=61.1s
Reference L=114 M=59 mu=58 elapsed=61.6s
Reference L=114 M=59 mu=59 elapsed=62.2s
BATCH_BOUNDARY_PASS vector=3.76e-12 scalar=2.07e-12 time=62.4s
Reference L=109 M=55 mu=0 elapsed=1.0s
Reference L=109 M=55 mu=1 elapsed=1.9s
Reference L=109 M=55 mu=2 elapsed=2.8s
Reference L=109 M=55 mu=3 elapsed=3.6s
Reference L=109 M=55 mu=4 elapsed=4.5s
Reference L=109 M=55 mu=5 elapsed=5.5s
Reference L=109 M=55 mu=6 elapsed=6.3s
Reference L=109 M=55 mu=7 elapsed=7.0s
Reference L=109 M=55 mu=8 elapsed=7.8s
Reference L=109 M=55 mu=9 elapsed=8.5s
Reference L=109 M=55 mu=10 elapsed=9.3s
Reference L=109 M=55 mu=11 elapsed=10.1s
Reference L=109 M=55 mu=12 elapsed=10.8s
Reference L=109 M=55 mu=13 elapsed=11.6s
Reference L=109 M=55 mu=14 elapsed=12.4s
Reference L=109 M=55 mu=15 elapsed=13.2s
Reference L=109 M=55 mu=16 elapsed=14.0s
Reference L=109 M=55 mu=17 elapsed=14.7s
Reference L=109 M=55 mu=18 elapsed=15.5s
Reference L=109 M=55 mu=19 elapsed=16.2s
Reference L=109 M=55 mu=20 elapsed=17.1s
Reference L=109 M=55 mu=21 elapsed=17.9s
Reference L=109 M=55 mu=22 elapsed=18.5s
Reference L=109 M=55 mu=23 elapsed=19.1s
Reference L=109 M=55 mu=24 elapsed=19.8s
Reference L=109 M=55 mu=25 elapsed=20.5s
Reference L=109 M=55 mu=26 elapsed=21.1s
Reference L=109 M=55 mu=27 elapsed=21.8s
Reference L=109 M=55 mu=28 elapsed=22.4s
Reference L=109 M=55 mu=29 elapsed=23.0s
Reference L=109 M=55 mu=30 elapsed=23.9s
Reference L=109 M=55 mu=31 elapsed=24.6s
Reference L=109 M=55 mu=32 elapsed=25.2s
Reference L=109 M=55 mu=33 elapsed=25.7s
Reference L=109 M=55 mu=34 elapsed=26.3s
Reference L=109 M=55 mu=35 elapsed=26.9s
Reference L=109 M=55 mu=36 elapsed=27.4s
Reference L=109 M=55 mu=37 elapsed=27.9s
Reference L=109 M=55 mu=38 elapsed=28.5s
Reference L=109 M=55 mu=39 elapsed=29.0s
Reference L=109 M=55 mu=40 elapsed=29.6s
Reference L=109 M=55 mu=41 elapsed=30.3s
Reference L=109 M=55 mu=42 elapsed=31.0s
Reference L=109 M=55 mu=43 elapsed=31.5s
Reference L=109 M=55 mu=44 elapsed=32.1s
Reference L=109 M=55 mu=45 elapsed=32.7s
Reference L=109 M=55 mu=46 elapsed=33.2s
Reference L=109 M=55 mu=47 elapsed=33.7s
Reference L=109 M=55 mu=48 elapsed=34.2s
Reference L=109 M=55 mu=49 elapsed=34.8s
Reference L=109 M=55 mu=50 elapsed=35.3s
Reference L=109 M=55 mu=51 elapsed=35.8s
Reference L=109 M=55 mu=52 elapsed=36.3s
Reference L=109 M=55 mu=53 elapsed=36.7s
Reference L=109 M=55 mu=54 elapsed=37.3s
Reference L=109 M=55 mu=55 elapsed=37.7s
BATCH_BOUNDARY_PASS vector=1.1e-11 scalar=4.53e-12 time=37.8s
DETECTOR case=2 N=512 dx=0.1 NAi=0.00 phi=0 scalar B/R=43.33087/4.48578% co=43.35050/4.52924%
DETECTOR case=2 N=512 dx=0.1 NAi=0.05 phi=0 scalar B/R=43.35205/4.49212% co=43.37090/4.53650%
DETECTOR case=2 N=512 dx=0.1 NAi=0.10 phi=0 scalar B/R=43.41041/4.50780% co=43.42973/4.55297%
DETECTOR case=2 N=512 dx=0.1 NAi=0.15 phi=0 scalar B/R=43.51063/4.53370% co=43.52956/4.57911%
DETECTOR case=2 N=512 dx=0.1 NAi=0.20 phi=0 scalar B/R=43.65102/4.56946% co=43.66994/4.61482%
DETECTOR case=2 N=512 dx=0.1 NAi=0.25 phi=0 scalar B/R=43.83361/4.61610% co=43.85237/4.66118%
DETECTOR case=2 N=512 dx=0.1 NAi=0.30 phi=0 scalar B/R=44.05997/4.67495% co=44.07862/4.71929%
DETECTOR case=2 N=512 dx=0.1 NAi=0.35 phi=0 scalar B/R=44.33227/4.74760% co=44.35066/4.79086%
DETECTOR case=2 N=512 dx=0.1 NAi=0.40 phi=0 scalar B/R=44.65279/4.83370% co=44.67096/4.87597%
DETECTOR case=2 N=512 dx=0.1 NAi=0.45 phi=0 scalar B/R=45.02467/4.93438% co=45.04258/4.97637%
DETECTOR case=2 N=512 dx=0.1 NAi=0.50 phi=0 scalar B/R=45.45184/5.04958% co=45.46937/5.09205%
DETECTOR case=2 N=512 dx=0.1 NAi=0.05 phi=45 scalar B/R=43.35204/4.49209% co=43.37106/4.53693%
DETECTOR case=2 N=512 dx=0.1 NAi=0.10 phi=45 scalar B/R=43.41041/4.50777% co=43.42964/4.55269%
DETECTOR case=2 N=512 dx=0.1 NAi=0.15 phi=45 scalar B/R=43.51064/4.53371% co=43.52963/4.57846%
DETECTOR case=2 N=512 dx=0.1 NAi=0.20 phi=45 scalar B/R=43.65103/4.56952% co=43.66996/4.61384%
DETECTOR case=2 N=512 dx=0.1 NAi=0.25 phi=45 scalar B/R=43.83362/4.61604% co=43.85241/4.65985%
DETECTOR case=2 N=512 dx=0.1 NAi=0.30 phi=45 scalar B/R=44.05997/4.67496% co=44.07863/4.71779%
DETECTOR case=2 N=512 dx=0.1 NAi=0.35 phi=45 scalar B/R=44.33227/4.74758% co=44.35070/4.78919%
DETECTOR case=2 N=512 dx=0.1 NAi=0.40 phi=45 scalar B/R=44.65279/4.83369% co=44.67100/4.87386%
DETECTOR case=2 N=512 dx=0.1 NAi=0.45 phi=45 scalar B/R=45.02468/4.93424% co=45.04263/4.97351%
DETECTOR case=2 N=512 dx=0.1 NAi=0.50 phi=45 scalar B/R=45.45182/5.04928% co=45.46943/5.08808%
DETECTOR case=2 N=512 dx=0.1 NAi=0.05 phi=90 scalar B/R=43.35205/4.49212% co=43.37120/4.53716%
DETECTOR case=2 N=512 dx=0.1 NAi=0.10 phi=90 scalar B/R=43.41041/4.50780% co=43.42954/4.55242%
DETECTOR case=2 N=512 dx=0.1 NAi=0.15 phi=90 scalar B/R=43.51063/4.53370% co=43.52969/4.57784%
DETECTOR case=2 N=512 dx=0.1 NAi=0.20 phi=90 scalar B/R=43.65102/4.56946% co=43.66998/4.61286%
DETECTOR case=2 N=512 dx=0.1 NAi=0.25 phi=90 scalar B/R=43.83361/4.61610% co=43.85245/4.65866%
DETECTOR case=2 N=512 dx=0.1 NAi=0.30 phi=90 scalar B/R=44.05997/4.67495% co=44.07864/4.71630%
DETECTOR case=2 N=512 dx=0.1 NAi=0.35 phi=90 scalar B/R=44.33227/4.74760% co=44.35073/4.78746%
DETECTOR case=2 N=512 dx=0.1 NAi=0.40 phi=90 scalar B/R=44.65279/4.83370% co=44.67104/4.87171%
DETECTOR case=2 N=512 dx=0.1 NAi=0.45 phi=90 scalar B/R=45.02467/4.93438% co=45.04265/4.97082%
DETECTOR case=2 N=512 dx=0.1 NAi=0.50 phi=90 scalar B/R=45.45184/5.04958% co=45.46950/5.08444%
DETECTOR case=2 N=512 dx=0.1 NAi=0.05 phi=135 scalar B/R=43.35204/4.49209% co=43.37106/4.53693%
DETECTOR case=2 N=512 dx=0.1 NAi=0.10 phi=135 scalar B/R=43.41041/4.50777% co=43.42964/4.55269%
DETECTOR case=2 N=512 dx=0.1 NAi=0.15 phi=135 scalar B/R=43.51064/4.53371% co=43.52963/4.57846%
DETECTOR case=2 N=512 dx=0.1 NAi=0.20 phi=135 scalar B/R=43.65103/4.56952% co=43.66996/4.61384%
DETECTOR case=2 N=512 dx=0.1 NAi=0.25 phi=135 scalar B/R=43.83362/4.61604% co=43.85241/4.65985%
DETECTOR case=2 N=512 dx=0.1 NAi=0.30 phi=135 scalar B/R=44.05997/4.67496% co=44.07863/4.71779%
DETECTOR case=2 N=512 dx=0.1 NAi=0.35 phi=135 scalar B/R=44.33227/4.74758% co=44.35070/4.78919%
DETECTOR case=2 N=512 dx=0.1 NAi=0.40 phi=135 scalar B/R=44.65279/4.83369% co=44.67100/4.87386%
DETECTOR case=2 N=512 dx=0.1 NAi=0.45 phi=135 scalar B/R=45.02468/4.93424% co=45.04263/4.97351%
DETECTOR case=2 N=512 dx=0.1 NAi=0.50 phi=135 scalar B/R=45.45182/5.04928% co=45.46943/5.08808%
DETECTOR case=2 N=512 dx=0.1 NAi=0.05 phi=180 scalar B/R=43.35205/4.49212% co=43.37090/4.53650%
DETECTOR case=2 N=512 dx=0.1 NAi=0.10 phi=180 scalar B/R=43.41041/4.50780% co=43.42973/4.55297%
DETECTOR case=2 N=512 dx=0.1 NAi=0.15 phi=180 scalar B/R=43.51063/4.53370% co=43.52956/4.57911%
DETECTOR case=2 N=512 dx=0.1 NAi=0.20 phi=180 scalar B/R=43.65102/4.56946% co=43.66994/4.61482%
DETECTOR case=2 N=512 dx=0.1 NAi=0.25 phi=180 scalar B/R=43.83361/4.61610% co=43.85237/4.66118%
DETECTOR case=2 N=512 dx=0.1 NAi=0.30 phi=180 scalar B/R=44.05997/4.67495% co=44.07862/4.71929%
DETECTOR case=2 N=512 dx=0.1 NAi=0.35 phi=180 scalar B/R=44.33227/4.74760% co=44.35066/4.79086%
DETECTOR case=2 N=512 dx=0.1 NAi=0.40 phi=180 scalar B/R=44.65279/4.83370% co=44.67096/4.87597%
DETECTOR case=2 N=512 dx=0.1 NAi=0.45 phi=180 scalar B/R=45.02467/4.93438% co=45.04258/4.97637%
DETECTOR case=2 N=512 dx=0.1 NAi=0.50 phi=180 scalar B/R=45.45184/5.04958% co=45.46937/5.09205%
DETECTOR case=2 N=512 dx=0.1 NAi=0.05 phi=225 scalar B/R=43.35204/4.49209% co=43.37106/4.53693%
DETECTOR case=2 N=512 dx=0.1 NAi=0.10 phi=225 scalar B/R=43.41041/4.50777% co=43.42964/4.55269%
DETECTOR case=2 N=512 dx=0.1 NAi=0.15 phi=225 scalar B/R=43.51064/4.53371% co=43.52963/4.57846%
DETECTOR case=2 N=512 dx=0.1 NAi=0.20 phi=225 scalar B/R=43.65103/4.56952% co=43.66996/4.61384%
DETECTOR case=2 N=512 dx=0.1 NAi=0.25 phi=225 scalar B/R=43.83362/4.61604% co=43.85241/4.65985%
DETECTOR case=2 N=512 dx=0.1 NAi=0.30 phi=225 scalar B/R=44.05997/4.67496% co=44.07863/4.71779%
DETECTOR case=2 N=512 dx=0.1 NAi=0.35 phi=225 scalar B/R=44.33227/4.74758% co=44.35070/4.78919%
DETECTOR case=2 N=512 dx=0.1 NAi=0.40 phi=225 scalar B/R=44.65279/4.83369% co=44.67100/4.87386%
DETECTOR case=2 N=512 dx=0.1 NAi=0.45 phi=225 scalar B/R=45.02468/4.93424% co=45.04263/4.97351%
DETECTOR case=2 N=512 dx=0.1 NAi=0.50 phi=225 scalar B/R=45.45182/5.04928% co=45.46943/5.08808%
DETECTOR case=2 N=512 dx=0.1 NAi=0.05 phi=270 scalar B/R=43.35205/4.49212% co=43.37120/4.53716%
DETECTOR case=2 N=512 dx=0.1 NAi=0.10 phi=270 scalar B/R=43.41041/4.50780% co=43.42954/4.55242%
DETECTOR case=2 N=512 dx=0.1 NAi=0.15 phi=270 scalar B/R=43.51063/4.53370% co=43.52969/4.57784%
DETECTOR case=2 N=512 dx=0.1 NAi=0.20 phi=270 scalar B/R=43.65102/4.56946% co=43.66998/4.61286%
DETECTOR case=2 N=512 dx=0.1 NAi=0.25 phi=270 scalar B/R=43.83361/4.61610% co=43.85245/4.65866%
DETECTOR case=2 N=512 dx=0.1 NAi=0.30 phi=270 scalar B/R=44.05997/4.67495% co=44.07864/4.71630%
DETECTOR case=2 N=512 dx=0.1 NAi=0.35 phi=270 scalar B/R=44.33227/4.74760% co=44.35073/4.78746%
DETECTOR case=2 N=512 dx=0.1 NAi=0.40 phi=270 scalar B/R=44.65279/4.83370% co=44.67104/4.87171%
DETECTOR case=2 N=512 dx=0.1 NAi=0.45 phi=270 scalar B/R=45.02467/4.93438% co=45.04265/4.97082%
DETECTOR case=2 N=512 dx=0.1 NAi=0.50 phi=270 scalar B/R=45.45184/5.04958% co=45.46950/5.08444%
DETECTOR case=2 N=512 dx=0.1 NAi=0.05 phi=315 scalar B/R=43.35204/4.49209% co=43.37106/4.53693%
DETECTOR case=2 N=512 dx=0.1 NAi=0.10 phi=315 scalar B/R=43.41041/4.50777% co=43.42964/4.55269%
DETECTOR case=2 N=512 dx=0.1 NAi=0.15 phi=315 scalar B/R=43.51064/4.53371% co=43.52963/4.57846%
DETECTOR case=2 N=512 dx=0.1 NAi=0.20 phi=315 scalar B/R=43.65103/4.56952% co=43.66996/4.61384%
DETECTOR case=2 N=512 dx=0.1 NAi=0.25 phi=315 scalar B/R=43.83362/4.61604% co=43.85241/4.65985%
DETECTOR case=2 N=512 dx=0.1 NAi=0.30 phi=315 scalar B/R=44.05997/4.67496% co=44.07863/4.71779%
DETECTOR case=2 N=512 dx=0.1 NAi=0.35 phi=315 scalar B/R=44.33227/4.74758% co=44.35070/4.78919%
DETECTOR case=2 N=512 dx=0.1 NAi=0.40 phi=315 scalar B/R=44.65279/4.83369% co=44.67100/4.87386%
DETECTOR case=2 N=512 dx=0.1 NAi=0.45 phi=315 scalar B/R=45.02468/4.93424% co=45.04263/4.97351%
DETECTOR case=2 N=512 dx=0.1 NAi=0.50 phi=315 scalar B/R=45.45182/5.04928% co=45.46943/5.08808%
DETECTOR case=2 N=512 dx=0.1 NAi=0.00 phi=0 scalar B/R=43.33087/4.48578% co=43.35050/4.52924%
DETECTOR case=2 N=512 dx=0.1 NAi=0.25 phi=0 scalar B/R=43.83361/4.61610% co=43.85237/4.66118%
DETECTOR case=2 N=512 dx=0.1 NAi=0.50 phi=0 scalar B/R=45.45184/5.04958% co=45.46937/5.09205%
DETECTOR case=2 N=512 dx=0.1 NAi=0.25 phi=45 scalar B/R=43.83362/4.61604% co=43.85241/4.65985%
DETECTOR case=2 N=512 dx=0.1 NAi=0.50 phi=45 scalar B/R=45.45182/5.04928% co=45.46943/5.08808%
DETECTOR case=2 N=512 dx=0.1 NAi=0.25 phi=90 scalar B/R=43.83361/4.61610% co=43.85245/4.65866%
DETECTOR case=2 N=512 dx=0.1 NAi=0.50 phi=90 scalar B/R=45.45184/5.04958% co=45.46950/5.08444%
DETECTOR case=2 N=1024 dx=0.05 NAi=0.00 phi=0 scalar B/R=43.33087/4.48578% co=43.35050/4.52924%
DETECTOR case=2 N=1024 dx=0.05 NAi=0.25 phi=0 scalar B/R=43.83361/4.61610% co=43.85237/4.66118%
DETECTOR case=2 N=1024 dx=0.05 NAi=0.50 phi=0 scalar B/R=45.45184/5.04958% co=45.46937/5.09205%
DETECTOR case=2 N=1024 dx=0.05 NAi=0.25 phi=45 scalar B/R=43.83362/4.61604% co=43.85241/4.65985%
DETECTOR case=2 N=1024 dx=0.05 NAi=0.50 phi=45 scalar B/R=45.45182/5.04928% co=45.46943/5.08808%
DETECTOR case=2 N=1024 dx=0.05 NAi=0.25 phi=90 scalar B/R=43.83361/4.61610% co=43.85245/4.65866%
DETECTOR case=2 N=1024 dx=0.05 NAi=0.50 phi=90 scalar B/R=45.45184/5.04958% co=45.46950/5.08444%
DETECTOR case=2 N=1024 dx=0.1 NAi=0.00 phi=0 scalar B/R=43.33087/4.48565% co=43.35051/4.52909%
DETECTOR case=2 N=1024 dx=0.1 NAi=0.25 phi=0 scalar B/R=43.83361/4.61607% co=43.85237/4.66112%
DETECTOR case=2 N=1024 dx=0.1 NAi=0.50 phi=0 scalar B/R=45.45183/5.04946% co=45.46936/5.09207%
DETECTOR case=2 N=1024 dx=0.1 NAi=0.25 phi=45 scalar B/R=43.83361/4.61601% co=43.85241/4.65981%
DETECTOR case=2 N=1024 dx=0.1 NAi=0.50 phi=45 scalar B/R=45.45183/5.04947% co=45.46943/5.08830%
DETECTOR case=2 N=1024 dx=0.1 NAi=0.25 phi=90 scalar B/R=43.83361/4.61607% co=43.85245/4.65859%
DETECTOR case=2 N=1024 dx=0.1 NAi=0.50 phi=90 scalar B/R=45.45183/5.04946% co=45.46950/5.08442%
CASE_COMPLETE project=contrast case=2 factor=0.5
Reference L=114 M=59 mu=0 elapsed=0.8s
Reference L=114 M=59 mu=1 elapsed=1.8s
Reference L=114 M=59 mu=2 elapsed=2.6s
Reference L=114 M=59 mu=3 elapsed=3.6s
Reference L=114 M=59 mu=4 elapsed=4.3s
Reference L=114 M=59 mu=5 elapsed=5.0s
Reference L=114 M=59 mu=6 elapsed=5.8s
Reference L=114 M=59 mu=7 elapsed=6.6s
Reference L=114 M=59 mu=8 elapsed=7.4s
Reference L=114 M=59 mu=9 elapsed=8.1s
Reference L=114 M=59 mu=10 elapsed=8.9s
Reference L=114 M=59 mu=11 elapsed=9.6s
Reference L=114 M=59 mu=12 elapsed=10.5s
Reference L=114 M=59 mu=13 elapsed=11.5s
Reference L=114 M=59 mu=14 elapsed=12.3s
Reference L=114 M=59 mu=15 elapsed=13.1s
Reference L=114 M=59 mu=16 elapsed=13.8s
Reference L=114 M=59 mu=17 elapsed=14.7s
Reference L=114 M=59 mu=18 elapsed=15.5s
Reference L=114 M=59 mu=19 elapsed=16.1s
Reference L=114 M=59 mu=20 elapsed=16.8s
Reference L=114 M=59 mu=21 elapsed=17.5s
Reference L=114 M=59 mu=22 elapsed=18.1s
Reference L=114 M=59 mu=23 elapsed=18.7s
Reference L=114 M=59 mu=24 elapsed=19.4s
Reference L=114 M=59 mu=25 elapsed=20.0s
Reference L=114 M=59 mu=26 elapsed=20.6s
Reference L=114 M=59 mu=27 elapsed=21.2s
Reference L=114 M=59 mu=28 elapsed=21.8s
Reference L=114 M=59 mu=29 elapsed=22.5s
Reference L=114 M=59 mu=30 elapsed=23.1s
Reference L=114 M=59 mu=31 elapsed=23.8s
Reference L=114 M=59 mu=32 elapsed=24.5s
Reference L=114 M=59 mu=33 elapsed=25.1s
Reference L=114 M=59 mu=34 elapsed=25.7s
Reference L=114 M=59 mu=35 elapsed=26.4s
Reference L=114 M=59 mu=36 elapsed=26.9s
Reference L=114 M=59 mu=37 elapsed=27.5s
Reference L=114 M=59 mu=38 elapsed=28.1s
Reference L=114 M=59 mu=39 elapsed=28.7s
Reference L=114 M=59 mu=40 elapsed=29.3s
Reference L=114 M=59 mu=41 elapsed=29.9s
Reference L=114 M=59 mu=42 elapsed=30.5s
Reference L=114 M=59 mu=43 elapsed=31.0s
Reference L=114 M=59 mu=44 elapsed=31.6s
Reference L=114 M=59 mu=45 elapsed=32.1s
Reference L=114 M=59 mu=46 elapsed=32.6s
Reference L=114 M=59 mu=47 elapsed=33.2s
Reference L=114 M=59 mu=48 elapsed=33.7s
Reference L=114 M=59 mu=49 elapsed=34.2s
Reference L=114 M=59 mu=50 elapsed=34.8s
Reference L=114 M=59 mu=51 elapsed=35.3s
Reference L=114 M=59 mu=52 elapsed=35.8s
Reference L=114 M=59 mu=53 elapsed=36.3s
Reference L=114 M=59 mu=54 elapsed=36.8s
Reference L=114 M=59 mu=55 elapsed=37.4s
Reference L=114 M=59 mu=56 elapsed=37.8s
Reference L=114 M=59 mu=57 elapsed=38.3s
Reference L=114 M=59 mu=58 elapsed=38.8s
Reference L=114 M=59 mu=59 elapsed=39.3s
BATCH_BOUNDARY_PASS vector=3.82e-12 scalar=1.81e-12 time=39.4s
Reference L=109 M=55 mu=0 elapsed=0.9s
Reference L=109 M=55 mu=1 elapsed=1.7s
Reference L=109 M=55 mu=2 elapsed=2.4s
Reference L=109 M=55 mu=3 elapsed=3.1s
Reference L=109 M=55 mu=4 elapsed=3.8s
Reference L=109 M=55 mu=5 elapsed=4.6s
Reference L=109 M=55 mu=6 elapsed=5.3s
Reference L=109 M=55 mu=7 elapsed=6.0s
Reference L=109 M=55 mu=8 elapsed=6.7s
Reference L=109 M=55 mu=9 elapsed=7.4s
Reference L=109 M=55 mu=10 elapsed=8.2s
Reference L=109 M=55 mu=11 elapsed=9.0s
Reference L=109 M=55 mu=12 elapsed=9.8s
Reference L=109 M=55 mu=13 elapsed=10.5s
Reference L=109 M=55 mu=14 elapsed=11.3s
Reference L=109 M=55 mu=15 elapsed=12.0s
Reference L=109 M=55 mu=16 elapsed=12.7s
Reference L=109 M=55 mu=17 elapsed=13.4s
Reference L=109 M=55 mu=18 elapsed=14.0s
Reference L=109 M=55 mu=19 elapsed=14.8s
Reference L=109 M=55 mu=20 elapsed=15.8s
Reference L=109 M=55 mu=21 elapsed=16.6s
Reference L=109 M=55 mu=22 elapsed=17.2s
Reference L=109 M=55 mu=23 elapsed=17.9s
Reference L=109 M=55 mu=24 elapsed=18.8s
Reference L=109 M=55 mu=25 elapsed=19.6s
Reference L=109 M=55 mu=26 elapsed=21.1s
Reference L=109 M=55 mu=27 elapsed=22.4s
Reference L=109 M=55 mu=28 elapsed=23.8s
Reference L=109 M=55 mu=29 elapsed=24.9s
Reference L=109 M=55 mu=30 elapsed=26.0s
Reference L=109 M=55 mu=31 elapsed=27.2s
Reference L=109 M=55 mu=32 elapsed=28.2s
Reference L=109 M=55 mu=33 elapsed=29.4s
Reference L=109 M=55 mu=34 elapsed=30.6s
Reference L=109 M=55 mu=35 elapsed=31.7s
Reference L=109 M=55 mu=36 elapsed=32.3s
Reference L=109 M=55 mu=37 elapsed=32.8s
Reference L=109 M=55 mu=38 elapsed=33.3s
Reference L=109 M=55 mu=39 elapsed=33.8s
Reference L=109 M=55 mu=40 elapsed=34.3s
Reference L=109 M=55 mu=41 elapsed=34.9s
Reference L=109 M=55 mu=42 elapsed=35.4s
Reference L=109 M=55 mu=43 elapsed=35.9s
Reference L=109 M=55 mu=44 elapsed=36.5s
Reference L=109 M=55 mu=45 elapsed=36.9s
Reference L=109 M=55 mu=46 elapsed=37.4s
Reference L=109 M=55 mu=47 elapsed=37.9s
Reference L=109 M=55 mu=48 elapsed=38.3s
Reference L=109 M=55 mu=49 elapsed=38.8s
Reference L=109 M=55 mu=50 elapsed=39.3s
Reference L=109 M=55 mu=51 elapsed=39.8s
Reference L=109 M=55 mu=52 elapsed=40.2s
Reference L=109 M=55 mu=53 elapsed=40.7s
Reference L=109 M=55 mu=54 elapsed=41.2s
Reference L=109 M=55 mu=55 elapsed=41.8s
BATCH_BOUNDARY_PASS vector=1.08e-11 scalar=4.28e-12 time=41.8s
DETECTOR case=3 N=512 dx=0.1 NAi=0.00 phi=0 scalar B/R=0.85746/0.08537% co=1.09535/0.69052%
DETECTOR case=3 N=512 dx=0.1 NAi=0.05 phi=0 scalar B/R=0.85785/0.08547% co=1.09486/0.68953%
DETECTOR case=3 N=512 dx=0.1 NAi=0.10 phi=0 scalar B/R=0.85902/0.08577% co=1.09427/0.68734%
DETECTOR case=3 N=512 dx=0.1 NAi=0.15 phi=0 scalar B/R=0.86097/0.08626% co=1.09383/0.68438%
DETECTOR case=3 N=512 dx=0.1 NAi=0.20 phi=0 scalar B/R=0.86371/0.08693% co=1.09352/0.68056%
DETECTOR case=3 N=512 dx=0.1 NAi=0.25 phi=0 scalar B/R=0.86728/0.08782% co=1.09321/0.67567%
DETECTOR case=3 N=512 dx=0.1 NAi=0.30 phi=0 scalar B/R=0.87171/0.08893% co=1.09310/0.66993%
DETECTOR case=3 N=512 dx=0.1 NAi=0.35 phi=0 scalar B/R=0.87704/0.09031% co=1.09326/0.66339%
DETECTOR case=3 N=512 dx=0.1 NAi=0.40 phi=0 scalar B/R=0.88330/0.09193% co=1.09363/0.65586%
DETECTOR case=3 N=512 dx=0.1 NAi=0.45 phi=0 scalar B/R=0.89057/0.09382% co=1.09428/0.64745%
DETECTOR case=3 N=512 dx=0.1 NAi=0.50 phi=0 scalar B/R=0.89892/0.09600% co=1.09522/0.63795%
DETECTOR case=3 N=512 dx=0.1 NAi=0.05 phi=45 scalar B/R=0.85785/0.08547% co=1.09471/0.68937%
DETECTOR case=3 N=512 dx=0.1 NAi=0.10 phi=45 scalar B/R=0.85902/0.08577% co=1.09430/0.68737%
DETECTOR case=3 N=512 dx=0.1 NAi=0.15 phi=45 scalar B/R=0.86097/0.08626% co=1.09366/0.68403%
DETECTOR case=3 N=512 dx=0.1 NAi=0.20 phi=45 scalar B/R=0.86371/0.08694% co=1.09323/0.68001%
DETECTOR case=3 N=512 dx=0.1 NAi=0.25 phi=45 scalar B/R=0.86728/0.08782% co=1.09233/0.67415%
DETECTOR case=3 N=512 dx=0.1 NAi=0.30 phi=45 scalar B/R=0.87171/0.08893% co=1.09166/0.66747%
DETECTOR case=3 N=512 dx=0.1 NAi=0.35 phi=45 scalar B/R=0.87704/0.09030% co=1.09077/0.65919%
DETECTOR case=3 N=512 dx=0.1 NAi=0.40 phi=45 scalar B/R=0.88330/0.09193% co=1.09036/0.65032%
DETECTOR case=3 N=512 dx=0.1 NAi=0.45 phi=45 scalar B/R=0.89057/0.09382% co=1.08988/0.63988%
DETECTOR case=3 N=512 dx=0.1 NAi=0.50 phi=45 scalar B/R=0.89892/0.09600% co=1.08963/0.62817%
DETECTOR case=3 N=512 dx=0.1 NAi=0.05 phi=90 scalar B/R=0.85785/0.08547% co=1.09452/0.68913%
DETECTOR case=3 N=512 dx=0.1 NAi=0.10 phi=90 scalar B/R=0.85902/0.08577% co=1.09419/0.68718%
DETECTOR case=3 N=512 dx=0.1 NAi=0.15 phi=90 scalar B/R=0.86097/0.08626% co=1.09341/0.68357%
DETECTOR case=3 N=512 dx=0.1 NAi=0.20 phi=90 scalar B/R=0.86371/0.08693% co=1.09267/0.67902%
DETECTOR case=3 N=512 dx=0.1 NAi=0.25 phi=90 scalar B/R=0.86728/0.08782% co=1.09157/0.67281%
DETECTOR case=3 N=512 dx=0.1 NAi=0.30 phi=90 scalar B/R=0.87171/0.08893% co=1.09010/0.66482%
DETECTOR case=3 N=512 dx=0.1 NAi=0.35 phi=90 scalar B/R=0.87704/0.09031% co=1.08835/0.65509%
DETECTOR case=3 N=512 dx=0.1 NAi=0.40 phi=90 scalar B/R=0.88330/0.09193% co=1.08700/0.64459%
DETECTOR case=3 N=512 dx=0.1 NAi=0.45 phi=90 scalar B/R=0.89057/0.09382% co=1.08559/0.63246%
DETECTOR case=3 N=512 dx=0.1 NAi=0.50 phi=90 scalar B/R=0.89892/0.09600% co=1.08402/0.61821%
DETECTOR case=3 N=512 dx=0.1 NAi=0.05 phi=135 scalar B/R=0.85785/0.08547% co=1.09471/0.68937%
DETECTOR case=3 N=512 dx=0.1 NAi=0.10 phi=135 scalar B/R=0.85902/0.08577% co=1.09430/0.68737%
DETECTOR case=3 N=512 dx=0.1 NAi=0.15 phi=135 scalar B/R=0.86097/0.08626% co=1.09366/0.68403%
DETECTOR case=3 N=512 dx=0.1 NAi=0.20 phi=135 scalar B/R=0.86371/0.08694% co=1.09323/0.68001%
DETECTOR case=3 N=512 dx=0.1 NAi=0.25 phi=135 scalar B/R=0.86728/0.08782% co=1.09233/0.67415%
DETECTOR case=3 N=512 dx=0.1 NAi=0.30 phi=135 scalar B/R=0.87171/0.08893% co=1.09166/0.66747%
DETECTOR case=3 N=512 dx=0.1 NAi=0.35 phi=135 scalar B/R=0.87704/0.09030% co=1.09077/0.65919%
DETECTOR case=3 N=512 dx=0.1 NAi=0.40 phi=135 scalar B/R=0.88330/0.09193% co=1.09036/0.65032%
DETECTOR case=3 N=512 dx=0.1 NAi=0.45 phi=135 scalar B/R=0.89057/0.09382% co=1.08988/0.63988%
DETECTOR case=3 N=512 dx=0.1 NAi=0.50 phi=135 scalar B/R=0.89892/0.09600% co=1.08963/0.62817%
DETECTOR case=3 N=512 dx=0.1 NAi=0.05 phi=180 scalar B/R=0.85785/0.08547% co=1.09486/0.68953%
DETECTOR case=3 N=512 dx=0.1 NAi=0.10 phi=180 scalar B/R=0.85902/0.08577% co=1.09427/0.68734%
DETECTOR case=3 N=512 dx=0.1 NAi=0.15 phi=180 scalar B/R=0.86097/0.08626% co=1.09383/0.68438%
DETECTOR case=3 N=512 dx=0.1 NAi=0.20 phi=180 scalar B/R=0.86371/0.08693% co=1.09352/0.68056%
DETECTOR case=3 N=512 dx=0.1 NAi=0.25 phi=180 scalar B/R=0.86728/0.08782% co=1.09321/0.67567%
DETECTOR case=3 N=512 dx=0.1 NAi=0.30 phi=180 scalar B/R=0.87171/0.08893% co=1.09310/0.66993%
DETECTOR case=3 N=512 dx=0.1 NAi=0.35 phi=180 scalar B/R=0.87704/0.09031% co=1.09326/0.66339%
DETECTOR case=3 N=512 dx=0.1 NAi=0.40 phi=180 scalar B/R=0.88330/0.09193% co=1.09363/0.65586%
DETECTOR case=3 N=512 dx=0.1 NAi=0.45 phi=180 scalar B/R=0.89057/0.09382% co=1.09428/0.64745%
DETECTOR case=3 N=512 dx=0.1 NAi=0.50 phi=180 scalar B/R=0.89892/0.09600% co=1.09522/0.63795%
DETECTOR case=3 N=512 dx=0.1 NAi=0.05 phi=225 scalar B/R=0.85785/0.08547% co=1.09471/0.68937%
DETECTOR case=3 N=512 dx=0.1 NAi=0.10 phi=225 scalar B/R=0.85902/0.08577% co=1.09430/0.68737%
DETECTOR case=3 N=512 dx=0.1 NAi=0.15 phi=225 scalar B/R=0.86097/0.08626% co=1.09366/0.68403%
DETECTOR case=3 N=512 dx=0.1 NAi=0.20 phi=225 scalar B/R=0.86371/0.08694% co=1.09323/0.68001%
DETECTOR case=3 N=512 dx=0.1 NAi=0.25 phi=225 scalar B/R=0.86728/0.08782% co=1.09233/0.67415%
DETECTOR case=3 N=512 dx=0.1 NAi=0.30 phi=225 scalar B/R=0.87171/0.08893% co=1.09166/0.66747%
DETECTOR case=3 N=512 dx=0.1 NAi=0.35 phi=225 scalar B/R=0.87704/0.09030% co=1.09077/0.65919%
DETECTOR case=3 N=512 dx=0.1 NAi=0.40 phi=225 scalar B/R=0.88330/0.09193% co=1.09036/0.65032%
DETECTOR case=3 N=512 dx=0.1 NAi=0.45 phi=225 scalar B/R=0.89057/0.09382% co=1.08988/0.63988%
DETECTOR case=3 N=512 dx=0.1 NAi=0.50 phi=225 scalar B/R=0.89892/0.09600% co=1.08963/0.62817%
DETECTOR case=3 N=512 dx=0.1 NAi=0.05 phi=270 scalar B/R=0.85785/0.08547% co=1.09452/0.68913%
DETECTOR case=3 N=512 dx=0.1 NAi=0.10 phi=270 scalar B/R=0.85902/0.08577% co=1.09419/0.68718%
DETECTOR case=3 N=512 dx=0.1 NAi=0.15 phi=270 scalar B/R=0.86097/0.08626% co=1.09341/0.68357%
DETECTOR case=3 N=512 dx=0.1 NAi=0.20 phi=270 scalar B/R=0.86371/0.08693% co=1.09267/0.67902%
DETECTOR case=3 N=512 dx=0.1 NAi=0.25 phi=270 scalar B/R=0.86728/0.08782% co=1.09157/0.67281%
DETECTOR case=3 N=512 dx=0.1 NAi=0.30 phi=270 scalar B/R=0.87171/0.08893% co=1.09010/0.66482%
DETECTOR case=3 N=512 dx=0.1 NAi=0.35 phi=270 scalar B/R=0.87704/0.09031% co=1.08835/0.65509%
DETECTOR case=3 N=512 dx=0.1 NAi=0.40 phi=270 scalar B/R=0.88330/0.09193% co=1.08700/0.64459%
DETECTOR case=3 N=512 dx=0.1 NAi=0.45 phi=270 scalar B/R=0.89057/0.09382% co=1.08559/0.63246%
DETECTOR case=3 N=512 dx=0.1 NAi=0.50 phi=270 scalar B/R=0.89892/0.09600% co=1.08402/0.61821%
DETECTOR case=3 N=512 dx=0.1 NAi=0.05 phi=315 scalar B/R=0.85785/0.08547% co=1.09471/0.68937%
DETECTOR case=3 N=512 dx=0.1 NAi=0.10 phi=315 scalar B/R=0.85902/0.08577% co=1.09430/0.68737%
DETECTOR case=3 N=512 dx=0.1 NAi=0.15 phi=315 scalar B/R=0.86097/0.08626% co=1.09366/0.68403%
DETECTOR case=3 N=512 dx=0.1 NAi=0.20 phi=315 scalar B/R=0.86371/0.08694% co=1.09323/0.68001%
DETECTOR case=3 N=512 dx=0.1 NAi=0.25 phi=315 scalar B/R=0.86728/0.08782% co=1.09233/0.67415%
DETECTOR case=3 N=512 dx=0.1 NAi=0.30 phi=315 scalar B/R=0.87171/0.08893% co=1.09166/0.66747%
DETECTOR case=3 N=512 dx=0.1 NAi=0.35 phi=315 scalar B/R=0.87704/0.09030% co=1.09077/0.65919%
DETECTOR case=3 N=512 dx=0.1 NAi=0.40 phi=315 scalar B/R=0.88330/0.09193% co=1.09036/0.65032%
DETECTOR case=3 N=512 dx=0.1 NAi=0.45 phi=315 scalar B/R=0.89057/0.09382% co=1.08988/0.63988%
DETECTOR case=3 N=512 dx=0.1 NAi=0.50 phi=315 scalar B/R=0.89892/0.09600% co=1.08963/0.62817%
DETECTOR case=3 N=512 dx=0.1 NAi=0.00 phi=0 scalar B/R=0.85746/0.08537% co=1.09535/0.69052%
DETECTOR case=3 N=512 dx=0.1 NAi=0.25 phi=0 scalar B/R=0.86728/0.08782% co=1.09321/0.67567%
DETECTOR case=3 N=512 dx=0.1 NAi=0.50 phi=0 scalar B/R=0.89892/0.09600% co=1.09522/0.63795%
DETECTOR case=3 N=512 dx=0.1 NAi=0.25 phi=45 scalar B/R=0.86728/0.08782% co=1.09233/0.67415%
DETECTOR case=3 N=512 dx=0.1 NAi=0.50 phi=45 scalar B/R=0.89892/0.09600% co=1.08963/0.62817%
DETECTOR case=3 N=512 dx=0.1 NAi=0.25 phi=90 scalar B/R=0.86728/0.08782% co=1.09157/0.67281%
DETECTOR case=3 N=512 dx=0.1 NAi=0.50 phi=90 scalar B/R=0.89892/0.09600% co=1.08402/0.61821%
DETECTOR case=3 N=1024 dx=0.05 NAi=0.00 phi=0 scalar B/R=0.85746/0.08537% co=1.09535/0.69052%
DETECTOR case=3 N=1024 dx=0.05 NAi=0.25 phi=0 scalar B/R=0.86728/0.08782% co=1.09321/0.67567%
DETECTOR case=3 N=1024 dx=0.05 NAi=0.50 phi=0 scalar B/R=0.89892/0.09600% co=1.09522/0.63795%
DETECTOR case=3 N=1024 dx=0.05 NAi=0.25 phi=45 scalar B/R=0.86728/0.08782% co=1.09233/0.67415%
DETECTOR case=3 N=1024 dx=0.05 NAi=0.50 phi=45 scalar B/R=0.89892/0.09600% co=1.08963/0.62817%
DETECTOR case=3 N=1024 dx=0.05 NAi=0.25 phi=90 scalar B/R=0.86728/0.08782% co=1.09157/0.67281%
DETECTOR case=3 N=1024 dx=0.05 NAi=0.50 phi=90 scalar B/R=0.89892/0.09600% co=1.08402/0.61821%
DETECTOR case=3 N=1024 dx=0.1 NAi=0.00 phi=0 scalar B/R=0.85746/0.08537% co=1.09536/0.69054%
DETECTOR case=3 N=1024 dx=0.1 NAi=0.25 phi=0 scalar B/R=0.86728/0.08782% co=1.09307/0.67544%
DETECTOR case=3 N=1024 dx=0.1 NAi=0.50 phi=0 scalar B/R=0.89892/0.09600% co=1.09512/0.63781%
DETECTOR case=3 N=1024 dx=0.1 NAi=0.25 phi=45 scalar B/R=0.86728/0.08782% co=1.09236/0.67420%
DETECTOR case=3 N=1024 dx=0.1 NAi=0.50 phi=45 scalar B/R=0.89892/0.09600% co=1.08962/0.62815%
DETECTOR case=3 N=1024 dx=0.1 NAi=0.25 phi=90 scalar B/R=0.86728/0.08782% co=1.09143/0.67258%
DETECTOR case=3 N=1024 dx=0.1 NAi=0.50 phi=90 scalar B/R=0.89892/0.09600% co=1.08414/0.61844%
CASE_COMPLETE project=contrast case=3 factor=0.01
    case_id          metric          mean_error    pooled_L2      minimum       maximum     worst_NA    worst_phi    fraction_below_1pct    fraction_below_5pct    radial_coarsening_gap    azimuth_coarsening_gap
    _______    __________________    __________    __________    __________    _________    ________    _________    ___________________    ___________________    _____________________    ______________________

       1       "born_scalar"            0.91281        0.9133       0.89047      0.93611      0.5          270                0                        0                0.00037985                4.5504e-09      
       1       "rytov_scalar"           0.10525       0.10544      0.098902      0.11199      0.5            0                0                        0                0.00010891                6.0536e-07      
       1       "born_co"                0.91319       0.91368       0.89084      0.93648      0.5          270                0                        0                0.00037921                3.8706e-10      
       1       "rytov_co"               0.10509       0.10528      0.098689      0.11192      0.5            0                0                        0                0.00010991                4.7609e-07      
       1       "vector_born_full"       0.91274       0.91322        0.8904      0.93603      0.5          270                0                        0                0.00037902                5.2259e-09      
       2       "born_scalar"            0.44372       0.44398       0.43331      0.45452      0.5           90                0                        0                0.00017417                5.7511e-09      
       2       "rytov_scalar"          0.047601      0.047687      0.044858     0.050496      0.5           90                0                   0.9025                4.6614e-05                2.8797e-07      
       2       "born_co"                 0.4439       0.44416       0.43351       0.4547      0.5          270                0                        0                 0.0001742                4.9668e-09      
       2       "rytov_co"              0.048017      0.048102      0.045292     0.050921      0.5            0                0                   0.9025                4.6326e-05                1.5016e-07      
       2       "vector_born_full"       0.44369       0.44394       0.43328      0.45448      0.5          270                0                        0                0.00017418                5.2621e-09      
       3       "born_scalar"          0.0087781     0.0087834     0.0085746    0.0089892      0.5           90                1                        1                 3.406e-06                1.8403e-10      
       3       "rytov_scalar"        0.00090536    0.00090704    0.00085373      0.00096      0.5          270                1                        1                8.8975e-07                5.3718e-09      
       3       "born_co"               0.010913      0.010912       0.01084     0.010953        0            0                0                        1                3.6589e-07                5.1994e-08      
       3       "rytov_co"             0.0065871     0.0065831     0.0061821    0.0069052        0            0                1                        1                4.2291e-06                1.6504e-07      
       3       "vector_born_full"     0.0087774     0.0087826      0.008574    0.0089884      0.5           90                1                        1                3.4039e-06                1.6022e-10      

PARAMETER_EXPERIMENT_PASS project=contrast angles=243
